May 24 18:29:14 koron kernel: Linux version 5.17.9-arch1-1 (linux@archlinux) (gcc (GCC) 12.1.0, GNU ld (GNU Binutils) 2.38) #1 SMP PREEMPT Wed, 18 May 2022 17:30:11 +0000
May 24 18:29:14 koron kernel: Command line: BOOT_IMAGE=/boot/vmlinuz-linux root=UUID=512d82ea-f4e2-4f8f-b6b4-ecfed720199d rw loglevel=3 quiet
May 24 18:29:14 koron kernel: x86/fpu: Supporting XSAVE feature 0x001: 'x87 floating point registers'
May 24 18:29:14 koron kernel: x86/fpu: Supporting XSAVE feature 0x002: 'SSE registers'
May 24 18:29:14 koron kernel: x86/fpu: Supporting XSAVE feature 0x004: 'AVX registers'
May 24 18:29:14 koron kernel: x86/fpu: xstate_offset[2]:  576, xstate_sizes[2]:  256
May 24 18:29:14 koron kernel: x86/fpu: Enabled xstate features 0x7, context size is 832 bytes, using 'compacted' format.
May 24 18:29:14 koron kernel: signal: max sigframe size: 1776
May 24 18:29:14 koron kernel: BIOS-provided physical RAM map:
May 24 18:29:14 koron kernel: BIOS-e820: [mem 0x0000000000000000-0x000000000009d3ff] usable
May 24 18:29:14 koron kernel: BIOS-e820: [mem 0x000000000009d400-0x000000000009ffff] reserved
May 24 18:29:14 koron kernel: BIOS-e820: [mem 0x00000000000e0000-0x00000000000fffff] reserved
May 24 18:29:14 koron kernel: BIOS-e820: [mem 0x0000000000100000-0x0000000009d7ffff] usable
May 24 18:29:14 koron kernel: BIOS-e820: [mem 0x0000000009d80000-0x0000000009ffffff] reserved
May 24 18:29:14 koron kernel: BIOS-e820: [mem 0x000000000a000000-0x000000000a1fffff] usable
May 24 18:29:14 koron kernel: BIOS-e820: [mem 0x000000000a200000-0x000000000a209fff] ACPI NVS
May 24 18:29:14 koron kernel: BIOS-e820: [mem 0x000000000a20a000-0x000000000affffff] usable
May 24 18:29:14 koron kernel: BIOS-e820: [mem 0x000000000b000000-0x000000000b01ffff] reserved
May 24 18:29:14 koron kernel: BIOS-e820: [mem 0x000000000b020000-0x00000000dd34ffff] usable
May 24 18:29:14 koron kernel: BIOS-e820: [mem 0x00000000dd350000-0x00000000dd4b8fff] reserved
May 24 18:29:14 koron kernel: BIOS-e820: [mem 0x00000000dd4b9000-0x00000000dd63afff] usable
May 24 18:29:14 koron kernel: BIOS-e820: [mem 0x00000000dd63b000-0x00000000dda4efff] ACPI NVS
May 24 18:29:14 koron kernel: BIOS-e820: [mem 0x00000000dda4f000-0x00000000de661fff] reserved
May 24 18:29:14 koron kernel: BIOS-e820: [mem 0x00000000de662000-0x00000000deffffff] usable
May 24 18:29:14 koron kernel: BIOS-e820: [mem 0x00000000df000000-0x00000000dfffffff] reserved
May 24 18:29:14 koron kernel: BIOS-e820: [mem 0x00000000f8000000-0x00000000fbffffff] reserved
May 24 18:29:14 koron kernel: BIOS-e820: [mem 0x00000000fd100000-0x00000000fdffffff] reserved
May 24 18:29:14 koron kernel: BIOS-e820: [mem 0x00000000fea00000-0x00000000fea0ffff] reserved
May 24 18:29:14 koron kernel: BIOS-e820: [mem 0x00000000feb80000-0x00000000fec01fff] reserved
May 24 18:29:14 koron kernel: BIOS-e820: [mem 0x00000000fec10000-0x00000000fec10fff] reserved
May 24 18:29:14 koron kernel: BIOS-e820: [mem 0x00000000fec30000-0x00000000fec30fff] reserved
May 24 18:29:14 koron kernel: BIOS-e820: [mem 0x00000000fed00000-0x00000000fed00fff] reserved
May 24 18:29:14 koron kernel: BIOS-e820: [mem 0x00000000fed40000-0x00000000fed44fff] reserved
May 24 18:29:14 koron kernel: BIOS-e820: [mem 0x00000000fed80000-0x00000000fed8ffff] reserved
May 24 18:29:14 koron kernel: BIOS-e820: [mem 0x00000000fedc2000-0x00000000fedcffff] reserved
May 24 18:29:14 koron kernel: BIOS-e820: [mem 0x00000000fedd4000-0x00000000fedd5fff] reserved
May 24 18:29:14 koron kernel: BIOS-e820: [mem 0x00000000fee00000-0x00000000feefffff] reserved
May 24 18:29:14 koron kernel: BIOS-e820: [mem 0x00000000ff000000-0x00000000ffffffff] reserved
May 24 18:29:14 koron kernel: BIOS-e820: [mem 0x0000000100000000-0x000000041f37ffff] usable
May 24 18:29:14 koron kernel: NX (Execute Disable) protection: active
May 24 18:29:14 koron kernel: SMBIOS 2.8 present.
May 24 18:29:14 koron kernel: DMI: Micro-Star International Co., Ltd. MS-7A34/B350 PC MATE(MS-7A34), BIOS A.J0 01/23/2019
May 24 18:29:14 koron kernel: tsc: Fast TSC calibration failed
May 24 18:29:14 koron kernel: e820: update [mem 0x00000000-0x00000fff] usable ==> reserved
May 24 18:29:14 koron kernel: e820: remove [mem 0x000a0000-0x000fffff] usable
May 24 18:29:14 koron kernel: last_pfn = 0x41f380 max_arch_pfn = 0x400000000
May 24 18:29:14 koron kernel: x86/PAT: Configuration [0-7]: WB  WC  UC- UC  WB  WP  UC- WT  
May 24 18:29:14 koron kernel: e820: update [mem 0xe0000000-0xffffffff] usable ==> reserved
May 24 18:29:14 koron kernel: last_pfn = 0xdf000 max_arch_pfn = 0x400000000
May 24 18:29:14 koron kernel: Using GB pages for direct mapping
May 24 18:29:14 koron kernel: RAMDISK: [mem 0x36f35000-0x37791fff]
May 24 18:29:14 koron kernel: ACPI: Early table checksum verification disabled
May 24 18:29:14 koron kernel: ACPI: RSDP 0x00000000000F05B0 000024 (v02 ALASKA)
May 24 18:29:14 koron kernel: ACPI: XSDT 0x00000000DD9CE098 0000AC (v01 ALASKA A M I    01072009 AMI  00010013)
May 24 18:29:14 koron kernel: ACPI: FACP 0x00000000DD9D63E8 000114 (v06 ALASKA A M I    01072009 AMI  00010013)
May 24 18:29:14 koron kernel: ACPI BIOS Warning (bug): Optional FADT field Pm2ControlBlock has valid Length but zero Address: 0x0000000000000000/0x1 (20211217/tbfadt-615)
May 24 18:29:14 koron kernel: ACPI: DSDT 0x00000000DD9CE1D8 00820E (v02 ALASKA A M I    01072009 INTL 20120913)
May 24 18:29:14 koron kernel: ACPI: FACS 0x00000000DDA37D80 000040
May 24 18:29:14 koron kernel: ACPI: APIC 0x00000000DD9D6500 0000DE (v03 ALASKA A M I    01072009 AMI  00010013)
May 24 18:29:14 koron kernel: ACPI: FPDT 0x00000000DD9D65E0 000044 (v01 ALASKA A M I    01072009 AMI  00010013)
May 24 18:29:14 koron kernel: ACPI: FIDT 0x00000000DD9D6628 00009C (v01 ALASKA A M I    01072009 AMI  00010013)
May 24 18:29:14 koron kernel: ACPI: SSDT 0x00000000DD9D66C8 008C98 (v02 AMD    AMD ALIB 00000002 MSFT 04000000)
May 24 18:29:14 koron kernel: ACPI: SSDT 0x00000000DD9DF360 002314 (v01 AMD    AMD CPU  00000001 AMD  00000001)
May 24 18:29:14 koron kernel: ACPI: CRAT 0x00000000DD9E1678 000F50 (v01 AMD    AMD CRAT 00000001 AMD  00000001)
May 24 18:29:14 koron kernel: ACPI: CDIT 0x00000000DD9E25C8 000029 (v01 AMD    AMD CDIT 00000001 AMD  00000001)
May 24 18:29:14 koron kernel: ACPI: SSDT 0x00000000DD9E25F8 002D92 (v01 AMD    AMD AOD  00000001 INTL 20120913)
May 24 18:29:14 koron kernel: ACPI: MCFG 0x00000000DD9E5390 00003C (v01 ALASKA A M I    01072009 MSFT 00010013)
May 24 18:29:14 koron kernel: ACPI: HPET 0x00000000DD9E53D0 000038 (v01 ALASKA A M I    01072009 AMI  00000005)
May 24 18:29:14 koron kernel: ACPI: SSDT 0x00000000DD9E5408 000024 (v01 AMDFCH FCHZP    00001000 INTL 20120913)
May 24 18:29:14 koron kernel: ACPI: UEFI 0x00000000DD9E5430 000048 (v01                 00000000      00000000)
May 24 18:29:14 koron kernel: ACPI: IVRS 0x00000000DD9E5478 0000D0 (v02 AMD    AMD IVRS 00000001 AMD  00000000)
May 24 18:29:14 koron kernel: ACPI: SSDT 0x00000000DD9E5548 001B4E (v01 AMD    AmdTable 00000001 INTL 20120913)
May 24 18:29:14 koron kernel: ACPI: SSDT 0x00000000DD9E7098 0000BF (v01 AMD    AMD PT   00001000 INTL 20120913)
May 24 18:29:14 koron kernel: ACPI: WSMT 0x00000000DD9E7158 000028 (v01 ALASKA A M I    01072009 AMI  00010013)
May 24 18:29:14 koron kernel: ACPI: Reserving FACP table memory at [mem 0xdd9d63e8-0xdd9d64fb]
May 24 18:29:14 koron kernel: ACPI: Reserving DSDT table memory at [mem 0xdd9ce1d8-0xdd9d63e5]
May 24 18:29:14 koron kernel: ACPI: Reserving FACS table memory at [mem 0xdda37d80-0xdda37dbf]
May 24 18:29:14 koron kernel: ACPI: Reserving APIC table memory at [mem 0xdd9d6500-0xdd9d65dd]
May 24 18:29:14 koron kernel: ACPI: Reserving FPDT table memory at [mem 0xdd9d65e0-0xdd9d6623]
May 24 18:29:14 koron kernel: ACPI: Reserving FIDT table memory at [mem 0xdd9d6628-0xdd9d66c3]
May 24 18:29:14 koron kernel: ACPI: Reserving SSDT table memory at [mem 0xdd9d66c8-0xdd9df35f]
May 24 18:29:14 koron kernel: ACPI: Reserving SSDT table memory at [mem 0xdd9df360-0xdd9e1673]
May 24 18:29:14 koron kernel: ACPI: Reserving CRAT table memory at [mem 0xdd9e1678-0xdd9e25c7]
May 24 18:29:14 koron kernel: ACPI: Reserving CDIT table memory at [mem 0xdd9e25c8-0xdd9e25f0]
May 24 18:29:14 koron kernel: ACPI: Reserving SSDT table memory at [mem 0xdd9e25f8-0xdd9e5389]
May 24 18:29:14 koron kernel: ACPI: Reserving MCFG table memory at [mem 0xdd9e5390-0xdd9e53cb]
May 24 18:29:14 koron kernel: ACPI: Reserving HPET table memory at [mem 0xdd9e53d0-0xdd9e5407]
May 24 18:29:14 koron kernel: ACPI: Reserving SSDT table memory at [mem 0xdd9e5408-0xdd9e542b]
May 24 18:29:14 koron kernel: ACPI: Reserving UEFI table memory at [mem 0xdd9e5430-0xdd9e5477]
May 24 18:29:14 koron kernel: ACPI: Reserving IVRS table memory at [mem 0xdd9e5478-0xdd9e5547]
May 24 18:29:14 koron kernel: ACPI: Reserving SSDT table memory at [mem 0xdd9e5548-0xdd9e7095]
May 24 18:29:14 koron kernel: ACPI: Reserving SSDT table memory at [mem 0xdd9e7098-0xdd9e7156]
May 24 18:29:14 koron kernel: ACPI: Reserving WSMT table memory at [mem 0xdd9e7158-0xdd9e717f]
May 24 18:29:14 koron kernel: No NUMA configuration found
May 24 18:29:14 koron kernel: Faking a node at [mem 0x0000000000000000-0x000000041f37ffff]
May 24 18:29:14 koron kernel: NODE_DATA(0) allocated [mem 0x41f37c000-0x41f37ffff]
May 24 18:29:14 koron kernel: Zone ranges:
May 24 18:29:14 koron kernel:   DMA      [mem 0x0000000000001000-0x0000000000ffffff]
May 24 18:29:14 koron kernel:   DMA32    [mem 0x0000000001000000-0x00000000ffffffff]
May 24 18:29:14 koron kernel:   Normal   [mem 0x0000000100000000-0x000000041f37ffff]
May 24 18:29:14 koron kernel:   Device   empty
May 24 18:29:14 koron kernel: Movable zone start for each node
May 24 18:29:14 koron kernel: Early memory node ranges
May 24 18:29:14 koron kernel:   node   0: [mem 0x0000000000001000-0x000000000009cfff]
May 24 18:29:14 koron kernel:   node   0: [mem 0x0000000000100000-0x0000000009d7ffff]
May 24 18:29:14 koron kernel:   node   0: [mem 0x000000000a000000-0x000000000a1fffff]
May 24 18:29:14 koron kernel:   node   0: [mem 0x000000000a20a000-0x000000000affffff]
May 24 18:29:14 koron kernel:   node   0: [mem 0x000000000b020000-0x00000000dd34ffff]
May 24 18:29:14 koron kernel:   node   0: [mem 0x00000000dd4b9000-0x00000000dd63afff]
May 24 18:29:14 koron kernel:   node   0: [mem 0x00000000de662000-0x00000000deffffff]
May 24 18:29:14 koron kernel:   node   0: [mem 0x0000000100000000-0x000000041f37ffff]
May 24 18:29:14 koron kernel: Initmem setup node 0 [mem 0x0000000000001000-0x000000041f37ffff]
May 24 18:29:14 koron kernel: On node 0, zone DMA: 1 pages in unavailable ranges
May 24 18:29:14 koron kernel: On node 0, zone DMA: 99 pages in unavailable ranges
May 24 18:29:14 koron kernel: On node 0, zone DMA32: 640 pages in unavailable ranges
May 24 18:29:14 koron kernel: On node 0, zone DMA32: 10 pages in unavailable ranges
May 24 18:29:14 koron kernel: On node 0, zone DMA32: 32 pages in unavailable ranges
May 24 18:29:14 koron kernel: On node 0, zone DMA32: 361 pages in unavailable ranges
May 24 18:29:14 koron kernel: On node 0, zone DMA32: 4135 pages in unavailable ranges
May 24 18:29:14 koron kernel: On node 0, zone Normal: 4096 pages in unavailable ranges
May 24 18:29:14 koron kernel: On node 0, zone Normal: 3200 pages in unavailable ranges
May 24 18:29:14 koron kernel: ACPI: PM-Timer IO Port: 0x808
May 24 18:29:14 koron kernel: ACPI: LAPIC_NMI (acpi_id[0xff] high edge lint[0x1])
May 24 18:29:14 koron kernel: IOAPIC[0]: apic_id 17, version 33, address 0xfec00000, GSI 0-23
May 24 18:29:14 koron kernel: IOAPIC[1]: apic_id 18, version 33, address 0xfec01000, GSI 24-55
May 24 18:29:14 koron kernel: ACPI: INT_SRC_OVR (bus 0 bus_irq 0 global_irq 2 dfl dfl)
May 24 18:29:14 koron kernel: ACPI: INT_SRC_OVR (bus 0 bus_irq 9 global_irq 9 low level)
May 24 18:29:14 koron kernel: ACPI: Using ACPI (MADT) for SMP configuration information
May 24 18:29:14 koron kernel: ACPI: HPET id: 0x10228201 base: 0xfed00000
May 24 18:29:14 koron kernel: smpboot: Allowing 16 CPUs, 0 hotplug CPUs
May 24 18:29:14 koron kernel: PM: hibernation: Registered nosave memory: [mem 0x00000000-0x00000fff]
May 24 18:29:14 koron kernel: PM: hibernation: Registered nosave memory: [mem 0x0009d000-0x0009dfff]
May 24 18:29:14 koron kernel: PM: hibernation: Registered nosave memory: [mem 0x0009e000-0x0009ffff]
May 24 18:29:14 koron kernel: PM: hibernation: Registered nosave memory: [mem 0x000a0000-0x000dffff]
May 24 18:29:14 koron kernel: PM: hibernation: Registered nosave memory: [mem 0x000e0000-0x000fffff]
May 24 18:29:14 koron kernel: PM: hibernation: Registered nosave memory: [mem 0x09d80000-0x09ffffff]
May 24 18:29:14 koron kernel: PM: hibernation: Registered nosave memory: [mem 0x0a200000-0x0a209fff]
May 24 18:29:14 koron kernel: PM: hibernation: Registered nosave memory: [mem 0x0b000000-0x0b01ffff]
May 24 18:29:14 koron kernel: PM: hibernation: Registered nosave memory: [mem 0xdd350000-0xdd4b8fff]
May 24 18:29:14 koron kernel: PM: hibernation: Registered nosave memory: [mem 0xdd63b000-0xdda4efff]
May 24 18:29:14 koron kernel: PM: hibernation: Registered nosave memory: [mem 0xdda4f000-0xde661fff]
May 24 18:29:14 koron kernel: PM: hibernation: Registered nosave memory: [mem 0xdf000000-0xdfffffff]
May 24 18:29:14 koron kernel: PM: hibernation: Registered nosave memory: [mem 0xe0000000-0xf7ffffff]
May 24 18:29:14 koron kernel: PM: hibernation: Registered nosave memory: [mem 0xf8000000-0xfbffffff]
May 24 18:29:14 koron kernel: PM: hibernation: Registered nosave memory: [mem 0xfc000000-0xfd0fffff]
May 24 18:29:14 koron kernel: PM: hibernation: Registered nosave memory: [mem 0xfd100000-0xfdffffff]
May 24 18:29:14 koron kernel: PM: hibernation: Registered nosave memory: [mem 0xfe000000-0xfe9fffff]
May 24 18:29:14 koron kernel: PM: hibernation: Registered nosave memory: [mem 0xfea00000-0xfea0ffff]
May 24 18:29:14 koron kernel: PM: hibernation: Registered nosave memory: [mem 0xfea10000-0xfeb7ffff]
May 24 18:29:14 koron kernel: PM: hibernation: Registered nosave memory: [mem 0xfeb80000-0xfec01fff]
May 24 18:29:14 koron kernel: PM: hibernation: Registered nosave memory: [mem 0xfec02000-0xfec0ffff]
May 24 18:29:14 koron kernel: PM: hibernation: Registered nosave memory: [mem 0xfec10000-0xfec10fff]
May 24 18:29:14 koron kernel: PM: hibernation: Registered nosave memory: [mem 0xfec11000-0xfec2ffff]
May 24 18:29:14 koron kernel: PM: hibernation: Registered nosave memory: [mem 0xfec30000-0xfec30fff]
May 24 18:29:14 koron kernel: PM: hibernation: Registered nosave memory: [mem 0xfec31000-0xfecfffff]
May 24 18:29:14 koron kernel: PM: hibernation: Registered nosave memory: [mem 0xfed00000-0xfed00fff]
May 24 18:29:14 koron kernel: PM: hibernation: Registered nosave memory: [mem 0xfed01000-0xfed3ffff]
May 24 18:29:14 koron kernel: PM: hibernation: Registered nosave memory: [mem 0xfed40000-0xfed44fff]
May 24 18:29:14 koron kernel: PM: hibernation: Registered nosave memory: [mem 0xfed45000-0xfed7ffff]
May 24 18:29:14 koron kernel: PM: hibernation: Registered nosave memory: [mem 0xfed80000-0xfed8ffff]
May 24 18:29:14 koron kernel: PM: hibernation: Registered nosave memory: [mem 0xfed90000-0xfedc1fff]
May 24 18:29:14 koron kernel: PM: hibernation: Registered nosave memory: [mem 0xfedc2000-0xfedcffff]
May 24 18:29:14 koron kernel: PM: hibernation: Registered nosave memory: [mem 0xfedd0000-0xfedd3fff]
May 24 18:29:14 koron kernel: PM: hibernation: Registered nosave memory: [mem 0xfedd4000-0xfedd5fff]
May 24 18:29:14 koron kernel: PM: hibernation: Registered nosave memory: [mem 0xfedd6000-0xfedfffff]
May 24 18:29:14 koron kernel: PM: hibernation: Registered nosave memory: [mem 0xfee00000-0xfeefffff]
May 24 18:29:14 koron kernel: PM: hibernation: Registered nosave memory: [mem 0xfef00000-0xfeffffff]
May 24 18:29:14 koron kernel: PM: hibernation: Registered nosave memory: [mem 0xff000000-0xffffffff]
May 24 18:29:14 koron kernel: [mem 0xe0000000-0xf7ffffff] available for PCI devices
May 24 18:29:14 koron kernel: Booting paravirtualized kernel on bare hardware
May 24 18:29:14 koron kernel: clocksource: refined-jiffies: mask: 0xffffffff max_cycles: 0xffffffff, max_idle_ns: 6370452778343963 ns
May 24 18:29:14 koron kernel: setup_percpu: NR_CPUS:320 nr_cpumask_bits:320 nr_cpu_ids:16 nr_node_ids:1
May 24 18:29:14 koron kernel: percpu: Embedded 62 pages/cpu s217088 r8192 d28672 u262144
May 24 18:29:14 koron kernel: pcpu-alloc: s217088 r8192 d28672 u262144 alloc=1*2097152
May 24 18:29:14 koron kernel: pcpu-alloc: [0] 00 01 02 03 04 05 06 07 [0] 08 09 10 11 12 13 14 15 
May 24 18:29:14 koron kernel: Fallback order for Node 0: 0 
May 24 18:29:14 koron kernel: Built 1 zonelists, mobility grouping on.  Total pages: 4116232
May 24 18:29:14 koron kernel: Policy zone: Normal
May 24 18:29:14 koron kernel: Kernel command line: BOOT_IMAGE=/boot/vmlinuz-linux root=UUID=512d82ea-f4e2-4f8f-b6b4-ecfed720199d rw loglevel=3 quiet
May 24 18:29:14 koron kernel: Unknown kernel command line parameters "BOOT_IMAGE=/boot/vmlinuz-linux", will be passed to user space.
May 24 18:29:14 koron kernel: Dentry cache hash table entries: 2097152 (order: 12, 16777216 bytes, linear)
May 24 18:29:14 koron kernel: Inode-cache hash table entries: 1048576 (order: 11, 8388608 bytes, linear)
May 24 18:29:14 koron kernel: mem auto-init: stack:all(zero), heap alloc:on, heap free:off
May 24 18:29:14 koron kernel: Memory: 16317328K/16726920K available (14343K kernel code, 2092K rwdata, 10940K rodata, 1788K init, 3380K bss, 409332K reserved, 0K cma-reserved)
May 24 18:29:14 koron kernel: random: get_random_u64 called from __kmem_cache_create+0x2a/0x530 with crng_init=0
May 24 18:29:14 koron kernel: SLUB: HWalign=64, Order=0-3, MinObjects=0, CPUs=16, Nodes=1
May 24 18:29:14 koron kernel: ftrace: allocating 44879 entries in 176 pages
May 24 18:29:14 koron kernel: ftrace: allocated 176 pages with 3 groups
May 24 18:29:14 koron kernel: Dynamic Preempt: full
May 24 18:29:14 koron kernel: rcu: Preemptible hierarchical RCU implementation.
May 24 18:29:14 koron kernel: rcu:         RCU restricting CPUs from NR_CPUS=320 to nr_cpu_ids=16.
May 24 18:29:14 koron kernel: rcu:         RCU priority boosting: priority 1 delay 500 ms.
May 24 18:29:14 koron kernel:         Trampoline variant of Tasks RCU enabled.
May 24 18:29:14 koron kernel:         Rude variant of Tasks RCU enabled.
May 24 18:29:14 koron kernel:         Tracing variant of Tasks RCU enabled.
May 24 18:29:14 koron kernel: rcu: RCU calculated value of scheduler-enlistment delay is 30 jiffies.
May 24 18:29:14 koron kernel: rcu: Adjusting geometry for rcu_fanout_leaf=16, nr_cpu_ids=16
May 24 18:29:14 koron kernel: NR_IRQS: 20736, nr_irqs: 1096, preallocated irqs: 16
May 24 18:29:14 koron kernel: kfence: initialized - using 2097152 bytes for 255 objects at 0x(____ptrval____)-0x(____ptrval____)
May 24 18:29:14 koron kernel: random: crng init done (trusting CPU's manufacturer)
May 24 18:29:14 koron kernel: spurious 8259A interrupt: IRQ7.
May 24 18:29:14 koron kernel: Console: colour dummy device 80x25
May 24 18:29:14 koron kernel: printk: console [tty0] enabled
May 24 18:29:14 koron kernel: ACPI: Core revision 20211217
May 24 18:29:14 koron kernel: clocksource: hpet: mask: 0xffffffff max_cycles: 0xffffffff, max_idle_ns: 133484873504 ns
May 24 18:29:14 koron kernel: APIC: Switch to symmetric I/O mode setup
May 24 18:29:14 koron kernel: Switched APIC routing to physical flat.
May 24 18:29:14 koron kernel: ..TIMER: vector=0x30 apic1=0 pin1=2 apic2=-1 pin2=-1
May 24 18:29:14 koron kernel: tsc: PIT calibration matches HPET. 2 loops
May 24 18:29:14 koron kernel: tsc: Detected 2999.681 MHz processor
May 24 18:29:14 koron kernel: clocksource: tsc-early: mask: 0xffffffffffffffff max_cycles: 0x2b3d17deb05, max_idle_ns: 440795202126 ns
May 24 18:29:14 koron kernel: Calibrating delay loop (skipped), value calculated using timer frequency.. 6001.33 BogoMIPS (lpj=9998936)
May 24 18:29:14 koron kernel: pid_max: default: 32768 minimum: 301
May 24 18:29:14 koron kernel: LSM: Security Framework initializing
May 24 18:29:14 koron kernel: landlock: Up and running.
May 24 18:29:14 koron kernel: Yama: becoming mindful.
May 24 18:29:14 koron kernel: LSM support for eBPF active
May 24 18:29:14 koron kernel: Mount-cache hash table entries: 32768 (order: 6, 262144 bytes, linear)
May 24 18:29:14 koron kernel: Mountpoint-cache hash table entries: 32768 (order: 6, 262144 bytes, linear)
May 24 18:29:14 koron kernel: LVT offset 1 assigned for vector 0xf9
May 24 18:29:14 koron kernel: LVT offset 2 assigned for vector 0xf4
May 24 18:29:14 koron kernel: Last level iTLB entries: 4KB 1024, 2MB 1024, 4MB 512
May 24 18:29:14 koron kernel: Last level dTLB entries: 4KB 1536, 2MB 1536, 4MB 768, 1GB 0
May 24 18:29:14 koron kernel: Spectre V1 : Mitigation: usercopy/swapgs barriers and __user pointer sanitization
May 24 18:29:14 koron kernel: Spectre V2 : Mitigation: Retpolines
May 24 18:29:14 koron kernel: Spectre V2 : Spectre v2 / SpectreRSB mitigation: Filling RSB on context switch
May 24 18:29:14 koron kernel: Spectre V2 : mitigation: Enabling conditional Indirect Branch Prediction Barrier
May 24 18:29:14 koron kernel: Speculative Store Bypass: Mitigation: Speculative Store Bypass disabled via prctl
May 24 18:29:14 koron kernel: Freeing SMP alternatives memory: 36K
May 24 18:29:14 koron kernel: smpboot: CPU0: AMD Ryzen 7 1700 Eight-Core Processor (family: 0x17, model: 0x1, stepping: 0x1)
May 24 18:29:14 koron kernel: cblist_init_generic: Setting adjustable number of callback queues.
May 24 18:29:14 koron kernel: cblist_init_generic: Setting shift to 4 and lim to 1.
May 24 18:29:14 koron kernel: cblist_init_generic: Setting shift to 4 and lim to 1.
May 24 18:29:14 koron kernel: cblist_init_generic: Setting shift to 4 and lim to 1.
May 24 18:29:14 koron kernel: Performance Events: Fam17h+ core perfctr, AMD PMU driver.
May 24 18:29:14 koron kernel: ... version:                0
May 24 18:29:14 koron kernel: ... bit width:              48
May 24 18:29:14 koron kernel: ... generic registers:      6
May 24 18:29:14 koron kernel: ... value mask:             0000ffffffffffff
May 24 18:29:14 koron kernel: ... max period:             00007fffffffffff
May 24 18:29:14 koron kernel: ... fixed-purpose events:   0
May 24 18:29:14 koron kernel: ... event mask:             000000000000003f
May 24 18:29:14 koron kernel: rcu: Hierarchical SRCU implementation.
May 24 18:29:14 koron kernel: NMI watchdog: Enabled. Permanently consumes one hw-PMU counter.
May 24 18:29:14 koron kernel: smp: Bringing up secondary CPUs ...
May 24 18:29:14 koron kernel: x86: Booting SMP configuration:
May 24 18:29:14 koron kernel: .... node  #0, CPUs:        #1  #2  #3  #4  #5  #6  #7  #8  #9 #10 #11 #12 #13 #14 #15
May 24 18:29:14 koron kernel: smp: Brought up 1 node, 16 CPUs
May 24 18:29:14 koron kernel: smpboot: Max logical packages: 1
May 24 18:29:14 koron kernel: smpboot: Total of 16 processors activated (96028.36 BogoMIPS)
May 24 18:29:14 koron kernel: devtmpfs: initialized
May 24 18:29:14 koron kernel: x86/mm: Memory block size: 128MB
May 24 18:29:14 koron kernel: ACPI: PM: Registering ACPI NVS region [mem 0x0a200000-0x0a209fff] (40960 bytes)
May 24 18:29:14 koron kernel: ACPI: PM: Registering ACPI NVS region [mem 0xdd63b000-0xdda4efff] (4276224 bytes)
May 24 18:29:14 koron kernel: clocksource: jiffies: mask: 0xffffffff max_cycles: 0xffffffff, max_idle_ns: 6370867519511994 ns
May 24 18:29:14 koron kernel: futex hash table entries: 4096 (order: 6, 262144 bytes, linear)
May 24 18:29:14 koron kernel: pinctrl core: initialized pinctrl subsystem
May 24 18:29:14 koron kernel: PM: RTC time: 16:29:12, date: 2022-05-24
May 24 18:29:14 koron kernel: NET: Registered PF_NETLINK/PF_ROUTE protocol family
May 24 18:29:14 koron kernel: DMA: preallocated 2048 KiB GFP_KERNEL pool for atomic allocations
May 24 18:29:14 koron kernel: DMA: preallocated 2048 KiB GFP_KERNEL|GFP_DMA pool for atomic allocations
May 24 18:29:14 koron kernel: DMA: preallocated 2048 KiB GFP_KERNEL|GFP_DMA32 pool for atomic allocations
May 24 18:29:14 koron kernel: audit: initializing netlink subsys (disabled)
May 24 18:29:14 koron kernel: audit: type=2000 audit(1653409752.169:1): state=initialized audit_enabled=0 res=1
May 24 18:29:14 koron kernel: thermal_sys: Registered thermal governor 'fair_share'
May 24 18:29:14 koron kernel: thermal_sys: Registered thermal governor 'bang_bang'
May 24 18:29:14 koron kernel: thermal_sys: Registered thermal governor 'step_wise'
May 24 18:29:14 koron kernel: thermal_sys: Registered thermal governor 'user_space'
May 24 18:29:14 koron kernel: thermal_sys: Registered thermal governor 'power_allocator'
May 24 18:29:14 koron kernel: cpuidle: using governor ladder
May 24 18:29:14 koron kernel: cpuidle: using governor menu
May 24 18:29:14 koron kernel: HugeTLB: can free 4094 vmemmap pages for hugepages-1048576kB
May 24 18:29:14 koron kernel: acpiphp: ACPI Hot Plug PCI Controller Driver version: 0.5
May 24 18:29:14 koron kernel: PCI: MMCONFIG for domain 0000 [bus 00-3f] at [mem 0xf8000000-0xfbffffff] (base 0xf8000000)
May 24 18:29:14 koron kernel: PCI: MMCONFIG at [mem 0xf8000000-0xfbffffff] reserved in E820
May 24 18:29:14 koron kernel: PCI: Using configuration type 1 for base access
May 24 18:29:14 koron kernel: mtrr: your CPUs had inconsistent variable MTRR settings
May 24 18:29:14 koron kernel: mtrr: probably your BIOS does not setup all CPUs.
May 24 18:29:14 koron kernel: mtrr: corrected configuration.
May 24 18:29:14 koron kernel: kprobes: kprobe jump-optimization is enabled. All kprobes are optimized if possible.
May 24 18:29:14 koron kernel: HugeTLB: can free 6 vmemmap pages for hugepages-2048kB
May 24 18:29:14 koron kernel: HugeTLB registered 1.00 GiB page size, pre-allocated 0 pages
May 24 18:29:14 koron kernel: HugeTLB registered 2.00 MiB page size, pre-allocated 0 pages
May 24 18:29:14 koron kernel: ACPI: Added _OSI(Module Device)
May 24 18:29:14 koron kernel: ACPI: Added _OSI(Processor Device)
May 24 18:29:14 koron kernel: ACPI: Added _OSI(3.0 _SCP Extensions)
May 24 18:29:14 koron kernel: ACPI: Added _OSI(Processor Aggregator Device)
May 24 18:29:14 koron kernel: ACPI: Added _OSI(Linux-Dell-Video)
May 24 18:29:14 koron kernel: ACPI: Added _OSI(Linux-Lenovo-NV-HDMI-Audio)
May 24 18:29:14 koron kernel: ACPI: Added _OSI(Linux-HPI-Hybrid-Graphics)
May 24 18:29:14 koron kernel: ACPI: 7 ACPI AML tables successfully acquired and loaded
May 24 18:29:14 koron kernel: ACPI: [Firmware Bug]: BIOS _OSI(Linux) query ignored
May 24 18:29:14 koron kernel: ACPI: Interpreter enabled
May 24 18:29:14 koron kernel: ACPI: PM: (supports S0 S3 S4 S5)
May 24 18:29:14 koron kernel: ACPI: Using IOAPIC for interrupt routing
May 24 18:29:14 koron kernel: PCI: Using host bridge windows from ACPI; if necessary, use "pci=nocrs" and report a bug
May 24 18:29:14 koron kernel: ACPI: Enabled 2 GPEs in block 00 to 1F
May 24 18:29:14 koron kernel: ACPI: PCI Root Bridge [PCI0] (domain 0000 [bus 00-ff])
May 24 18:29:14 koron kernel: acpi PNP0A08:00: _OSC: OS supports [ExtendedConfig ASPM ClockPM Segments MSI EDR HPX-Type3]
May 24 18:29:14 koron kernel: acpi PNP0A08:00: _OSC: platform does not support [SHPCHotplug LTR DPC]
May 24 18:29:14 koron kernel: acpi PNP0A08:00: _OSC: OS now controls [PCIeHotplug PME AER PCIeCapability]
May 24 18:29:14 koron kernel: acpi PNP0A08:00: [Firmware Info]: MMCONFIG for domain 0000 [bus 00-3f] only partially covers this bridge
May 24 18:29:14 koron kernel: PCI host bridge to bus 0000:00
May 24 18:29:14 koron kernel: pci_bus 0000:00: root bus resource [io  0x0000-0x03af window]
May 24 18:29:14 koron kernel: pci_bus 0000:00: root bus resource [io  0x03e0-0x0cf7 window]
May 24 18:29:14 koron kernel: pci_bus 0000:00: root bus resource [io  0x03b0-0x03df window]
May 24 18:29:14 koron kernel: pci_bus 0000:00: root bus resource [io  0x0d00-0xffff window]
May 24 18:29:14 koron kernel: pci_bus 0000:00: root bus resource [mem 0x000a0000-0x000dffff window]
May 24 18:29:14 koron kernel: pci_bus 0000:00: root bus resource [mem 0xe0000000-0xfec2ffff window]
May 24 18:29:14 koron kernel: pci_bus 0000:00: root bus resource [mem 0xfee00000-0xffffffff window]
May 24 18:29:14 koron kernel: pci_bus 0000:00: root bus resource [bus 00-ff]
May 24 18:29:14 koron kernel: pci 0000:00:00.0: [1022:1450] type 00 class 0x060000
May 24 18:29:14 koron kernel: pci 0000:00:00.2: [1022:1451] type 00 class 0x080600
May 24 18:29:14 koron kernel: pci 0000:00:01.0: [1022:1452] type 00 class 0x060000
May 24 18:29:14 koron kernel: pci 0000:00:01.3: [1022:1453] type 01 class 0x060400
May 24 18:29:14 koron kernel: pci 0000:00:01.3: enabling Extended Tags
May 24 18:29:14 koron kernel: pci 0000:00:01.3: PME# supported from D0 D3hot D3cold
May 24 18:29:14 koron kernel: pci 0000:00:02.0: [1022:1452] type 00 class 0x060000
May 24 18:29:14 koron kernel: pci 0000:00:03.0: [1022:1452] type 00 class 0x060000
May 24 18:29:14 koron kernel: pci 0000:00:03.1: [1022:1453] type 01 class 0x060400
May 24 18:29:14 koron kernel: pci 0000:00:03.1: PME# supported from D0 D3hot D3cold
May 24 18:29:14 koron kernel: pci 0000:00:04.0: [1022:1452] type 00 class 0x060000
May 24 18:29:14 koron kernel: pci 0000:00:07.0: [1022:1452] type 00 class 0x060000
May 24 18:29:14 koron kernel: pci 0000:00:07.1: [1022:1454] type 01 class 0x060400
May 24 18:29:14 koron kernel: pci 0000:00:07.1: enabling Extended Tags
May 24 18:29:14 koron kernel: pci 0000:00:07.1: PME# supported from D0 D3hot D3cold
May 24 18:29:14 koron kernel: pci 0000:00:08.0: [1022:1452] type 00 class 0x060000
May 24 18:29:14 koron kernel: pci 0000:00:08.1: [1022:1454] type 01 class 0x060400
May 24 18:29:14 koron kernel: pci 0000:00:08.1: enabling Extended Tags
May 24 18:29:14 koron kernel: pci 0000:00:08.1: PME# supported from D0 D3hot D3cold
May 24 18:29:14 koron kernel: pci 0000:00:14.0: [1022:790b] type 00 class 0x0c0500
May 24 18:29:14 koron kernel: pci 0000:00:14.3: [1022:790e] type 00 class 0x060100
May 24 18:29:14 koron kernel: pci 0000:00:18.0: [1022:1460] type 00 class 0x060000
May 24 18:29:14 koron kernel: pci 0000:00:18.1: [1022:1461] type 00 class 0x060000
May 24 18:29:14 koron kernel: pci 0000:00:18.2: [1022:1462] type 00 class 0x060000
May 24 18:29:14 koron kernel: pci 0000:00:18.3: [1022:1463] type 00 class 0x060000
May 24 18:29:14 koron kernel: pci 0000:00:18.4: [1022:1464] type 00 class 0x060000
May 24 18:29:14 koron kernel: pci 0000:00:18.5: [1022:1465] type 00 class 0x060000
May 24 18:29:14 koron kernel: pci 0000:00:18.6: [1022:1466] type 00 class 0x060000
May 24 18:29:14 koron kernel: pci 0000:00:18.7: [1022:1467] type 00 class 0x060000
May 24 18:29:14 koron kernel: pci 0000:03:00.0: [1022:43bb] type 00 class 0x0c0330
May 24 18:29:14 koron kernel: pci 0000:03:00.0: reg 0x10: [mem 0xf76a0000-0xf76a7fff 64bit]
May 24 18:29:14 koron kernel: pci 0000:03:00.0: enabling Extended Tags
May 24 18:29:14 koron kernel: pci 0000:03:00.0: PME# supported from D3hot D3cold
May 24 18:29:14 koron kernel: pci 0000:03:00.1: [1022:43b7] type 00 class 0x010601
May 24 18:29:14 koron kernel: pci 0000:03:00.1: reg 0x24: [mem 0xf7680000-0xf769ffff]
May 24 18:29:14 koron kernel: pci 0000:03:00.1: reg 0x30: [mem 0xf7600000-0xf767ffff pref]
May 24 18:29:14 koron kernel: pci 0000:03:00.1: enabling Extended Tags
May 24 18:29:14 koron kernel: pci 0000:03:00.1: PME# supported from D3hot D3cold
May 24 18:29:14 koron kernel: pci 0000:03:00.2: [1022:43b2] type 01 class 0x060400
May 24 18:29:14 koron kernel: pci 0000:03:00.2: enabling Extended Tags
May 24 18:29:14 koron kernel: pci 0000:03:00.2: PME# supported from D3hot D3cold
May 24 18:29:14 koron kernel: pci 0000:00:01.3: PCI bridge to [bus 03-1e]
May 24 18:29:14 koron kernel: pci 0000:00:01.3:   bridge window [io  0xf000-0xffff]
May 24 18:29:14 koron kernel: pci 0000:00:01.3:   bridge window [mem 0xf7500000-0xf76fffff]
May 24 18:29:14 koron kernel: pci 0000:16:00.0: [1022:43b4] type 01 class 0x060400
May 24 18:29:14 koron kernel: pci 0000:16:00.0: enabling Extended Tags
May 24 18:29:14 koron kernel: pci 0000:16:00.0: PME# supported from D3hot D3cold
May 24 18:29:14 koron kernel: pci 0000:16:01.0: [1022:43b4] type 01 class 0x060400
May 24 18:29:14 koron kernel: pci 0000:16:01.0: enabling Extended Tags
May 24 18:29:14 koron kernel: pci 0000:16:01.0: PME# supported from D3hot D3cold
May 24 18:29:14 koron kernel: pci 0000:16:04.0: [1022:43b4] type 01 class 0x060400
May 24 18:29:14 koron kernel: pci 0000:16:04.0: enabling Extended Tags
May 24 18:29:14 koron kernel: pci 0000:16:04.0: PME# supported from D3hot D3cold
May 24 18:29:14 koron kernel: pci 0000:16:06.0: [1022:43b4] type 01 class 0x060400
May 24 18:29:14 koron kernel: pci 0000:16:06.0: enabling Extended Tags
May 24 18:29:14 koron kernel: pci 0000:16:06.0: PME# supported from D3hot D3cold
May 24 18:29:14 koron kernel: pci 0000:16:07.0: [1022:43b4] type 01 class 0x060400
May 24 18:29:14 koron kernel: pci 0000:16:07.0: enabling Extended Tags
May 24 18:29:14 koron kernel: pci 0000:16:07.0: PME# supported from D3hot D3cold
May 24 18:29:14 koron kernel: pci 0000:03:00.2: PCI bridge to [bus 16-1e]
May 24 18:29:14 koron kernel: pci 0000:03:00.2:   bridge window [io  0xf000-0xffff]
May 24 18:29:14 koron kernel: pci 0000:03:00.2:   bridge window [mem 0xf7500000-0xf75fffff]
May 24 18:29:14 koron kernel: pci 0000:17:00.0: [1b21:1080] type 01 class 0x060400
May 24 18:29:14 koron kernel: pci 0000:17:00.0: supports D1 D2
May 24 18:29:14 koron kernel: pci 0000:17:00.0: PME# supported from D0 D1 D2 D3hot D3cold
May 24 18:29:14 koron kernel: pci 0000:16:00.0: PCI bridge to [bus 17-18]
May 24 18:29:14 koron kernel: pci_bus 0000:18: extended config space not accessible
May 24 18:29:14 koron kernel: pci 0000:17:00.0: PCI bridge to [bus 18]
May 24 18:29:14 koron kernel: pci 0000:19:00.0: [10ec:8168] type 00 class 0x020000
May 24 18:29:14 koron kernel: pci 0000:19:00.0: reg 0x10: [io  0xf000-0xf0ff]
May 24 18:29:14 koron kernel: pci 0000:19:00.0: reg 0x18: [mem 0xf7504000-0xf7504fff 64bit]
May 24 18:29:14 koron kernel: pci 0000:19:00.0: reg 0x20: [mem 0xf7500000-0xf7503fff 64bit]
May 24 18:29:14 koron kernel: pci 0000:19:00.0: supports D1 D2
May 24 18:29:14 koron kernel: pci 0000:19:00.0: PME# supported from D0 D1 D2 D3hot D3cold
May 24 18:29:14 koron kernel: pci 0000:16:01.0: PCI bridge to [bus 19]
May 24 18:29:14 koron kernel: pci 0000:16:01.0:   bridge window [io  0xf000-0xffff]
May 24 18:29:14 koron kernel: pci 0000:16:01.0:   bridge window [mem 0xf7500000-0xf75fffff]
May 24 18:29:14 koron kernel: pci 0000:16:04.0: PCI bridge to [bus 1b]
May 24 18:29:14 koron kernel: pci 0000:16:06.0: PCI bridge to [bus 1d]
May 24 18:29:14 koron kernel: pci 0000:16:07.0: PCI bridge to [bus 1e]
May 24 18:29:14 koron kernel: pci 0000:1f:00.0: [10de:1b80] type 00 class 0x030000
May 24 18:29:14 koron kernel: pci 0000:1f:00.0: reg 0x10: [mem 0xf6000000-0xf6ffffff]
May 24 18:29:14 koron kernel: pci 0000:1f:00.0: reg 0x14: [mem 0xe0000000-0xefffffff 64bit pref]
May 24 18:29:14 koron kernel: pci 0000:1f:00.0: reg 0x1c: [mem 0xf0000000-0xf1ffffff 64bit pref]
May 24 18:29:14 koron kernel: pci 0000:1f:00.0: reg 0x24: [io  0xe000-0xe07f]
May 24 18:29:14 koron kernel: pci 0000:1f:00.0: reg 0x30: [mem 0xf7000000-0xf707ffff pref]
May 24 18:29:14 koron kernel: pci 0000:1f:00.0: Video device with shadowed ROM at [mem 0x000c0000-0x000dffff]
May 24 18:29:14 koron kernel: pci 0000:1f:00.0: 32.000 Gb/s available PCIe bandwidth, limited by 2.5 GT/s PCIe x16 link at 0000:00:03.1 (capable of 126.016 Gb/s with 8.0 GT/s PCIe x16 link)
May 24 18:29:14 koron kernel: pci 0000:1f:00.1: [10de:10f0] type 00 class 0x040300
May 24 18:29:14 koron kernel: pci 0000:1f:00.1: reg 0x10: [mem 0xf7080000-0xf7083fff]
May 24 18:29:14 koron kernel: pci 0000:00:03.1: PCI bridge to [bus 1f]
May 24 18:29:14 koron kernel: pci 0000:00:03.1:   bridge window [io  0xe000-0xefff]
May 24 18:29:14 koron kernel: pci 0000:00:03.1:   bridge window [mem 0xf6000000-0xf70fffff]
May 24 18:29:14 koron kernel: pci 0000:00:03.1:   bridge window [mem 0xe0000000-0xf1ffffff 64bit pref]
May 24 18:29:14 koron kernel: pci 0000:20:00.0: [1022:145a] type 00 class 0x130000
May 24 18:29:14 koron kernel: pci 0000:20:00.0: enabling Extended Tags
May 24 18:29:14 koron kernel: pci 0000:20:00.2: [1022:1456] type 00 class 0x108000
May 24 18:29:14 koron kernel: pci 0000:20:00.2: reg 0x18: [mem 0xf7300000-0xf73fffff]
May 24 18:29:14 koron kernel: pci 0000:20:00.2: reg 0x24: [mem 0xf7400000-0xf7401fff]
May 24 18:29:14 koron kernel: pci 0000:20:00.2: enabling Extended Tags
May 24 18:29:14 koron kernel: pci 0000:20:00.3: [1022:145c] type 00 class 0x0c0330
May 24 18:29:14 koron kernel: pci 0000:20:00.3: reg 0x10: [mem 0xf7200000-0xf72fffff 64bit]
May 24 18:29:14 koron kernel: pci 0000:20:00.3: enabling Extended Tags
May 24 18:29:14 koron kernel: pci 0000:20:00.3: PME# supported from D0 D3hot D3cold
May 24 18:29:14 koron kernel: pci 0000:00:07.1: PCI bridge to [bus 20]
May 24 18:29:14 koron kernel: pci 0000:00:07.1:   bridge window [mem 0xf7200000-0xf74fffff]
May 24 18:29:14 koron kernel: pci 0000:21:00.0: [1022:1455] type 00 class 0x130000
May 24 18:29:14 koron kernel: pci 0000:21:00.0: enabling Extended Tags
May 24 18:29:14 koron kernel: pci 0000:21:00.2: [1022:7901] type 00 class 0x010601
May 24 18:29:14 koron kernel: pci 0000:21:00.2: reg 0x24: [mem 0xf7708000-0xf7708fff]
May 24 18:29:14 koron kernel: pci 0000:21:00.2: enabling Extended Tags
May 24 18:29:14 koron kernel: pci 0000:21:00.2: PME# supported from D3hot D3cold
May 24 18:29:14 koron kernel: pci 0000:21:00.3: [1022:1457] type 00 class 0x040300
May 24 18:29:14 koron kernel: pci 0000:21:00.3: reg 0x10: [mem 0xf7700000-0xf7707fff]
May 24 18:29:14 koron kernel: pci 0000:21:00.3: enabling Extended Tags
May 24 18:29:14 koron kernel: pci 0000:21:00.3: PME# supported from D0 D3hot D3cold
May 24 18:29:14 koron kernel: pci 0000:00:08.1: PCI bridge to [bus 21]
May 24 18:29:14 koron kernel: pci 0000:00:08.1:   bridge window [mem 0xf7700000-0xf77fffff]
May 24 18:29:14 koron kernel: ACPI: PCI: Interrupt link LNKA configured for IRQ 0
May 24 18:29:14 koron kernel: ACPI: PCI: Interrupt link LNKB configured for IRQ 0
May 24 18:29:14 koron kernel: ACPI: PCI: Interrupt link LNKC configured for IRQ 0
May 24 18:29:14 koron kernel: ACPI: PCI: Interrupt link LNKD configured for IRQ 0
May 24 18:29:14 koron kernel: ACPI: PCI: Interrupt link LNKE configured for IRQ 0
May 24 18:29:14 koron kernel: ACPI: PCI: Interrupt link LNKF configured for IRQ 0
May 24 18:29:14 koron kernel: ACPI: PCI: Interrupt link LNKG configured for IRQ 0
May 24 18:29:14 koron kernel: ACPI: PCI: Interrupt link LNKH configured for IRQ 0
May 24 18:29:14 koron kernel: iommu: Default domain type: Translated 
May 24 18:29:14 koron kernel: iommu: DMA domain TLB invalidation policy: lazy mode 
May 24 18:29:14 koron kernel: pci 0000:1f:00.0: vgaarb: setting as boot VGA device
May 24 18:29:14 koron kernel: pci 0000:1f:00.0: vgaarb: VGA device added: decodes=io+mem,owns=io+mem,locks=none
May 24 18:29:14 koron kernel: pci 0000:1f:00.0: vgaarb: bridge control possible
May 24 18:29:14 koron kernel: vgaarb: loaded
May 24 18:29:14 koron kernel: SCSI subsystem initialized
May 24 18:29:14 koron kernel: libata version 3.00 loaded.
May 24 18:29:14 koron kernel: ACPI: bus type USB registered
May 24 18:29:14 koron kernel: usbcore: registered new interface driver usbfs
May 24 18:29:14 koron kernel: usbcore: registered new interface driver hub
May 24 18:29:14 koron kernel: usbcore: registered new device driver usb
May 24 18:29:14 koron kernel: pps_core: LinuxPPS API ver. 1 registered
May 24 18:29:14 koron kernel: pps_core: Software ver. 5.3.6 - Copyright 2005-2007 Rodolfo Giometti <giometti@linux.it>
May 24 18:29:14 koron kernel: PTP clock support registered
May 24 18:29:14 koron kernel: EDAC MC: Ver: 3.0.0
May 24 18:29:14 koron kernel: NetLabel: Initializing
May 24 18:29:14 koron kernel: NetLabel:  domain hash size = 128
May 24 18:29:14 koron kernel: NetLabel:  protocols = UNLABELED CIPSOv4 CALIPSO
May 24 18:29:14 koron kernel: NetLabel:  unlabeled traffic allowed by default
May 24 18:29:14 koron kernel: mctp: management component transport protocol core
May 24 18:29:14 koron kernel: NET: Registered PF_MCTP protocol family
May 24 18:29:14 koron kernel: PCI: Using ACPI for IRQ routing
May 24 18:29:14 koron kernel: PCI: pci_cache_line_size set to 64 bytes
May 24 18:29:14 koron kernel: e820: reserve RAM buffer [mem 0x0009d400-0x0009ffff]
May 24 18:29:14 koron kernel: e820: reserve RAM buffer [mem 0x09d80000-0x0bffffff]
May 24 18:29:14 koron kernel: e820: reserve RAM buffer [mem 0x0a200000-0x0bffffff]
May 24 18:29:14 koron kernel: e820: reserve RAM buffer [mem 0x0b000000-0x0bffffff]
May 24 18:29:14 koron kernel: e820: reserve RAM buffer [mem 0xdd350000-0xdfffffff]
May 24 18:29:14 koron kernel: e820: reserve RAM buffer [mem 0xdd63b000-0xdfffffff]
May 24 18:29:14 koron kernel: e820: reserve RAM buffer [mem 0xdf000000-0xdfffffff]
May 24 18:29:14 koron kernel: e820: reserve RAM buffer [mem 0x41f380000-0x41fffffff]
May 24 18:29:14 koron kernel: hpet0: at MMIO 0xfed00000, IRQs 2, 8, 0
May 24 18:29:14 koron kernel: hpet0: 3 comparators, 32-bit 14.318180 MHz counter
May 24 18:29:14 koron kernel: clocksource: Switched to clocksource tsc-early
May 24 18:29:14 koron kernel: VFS: Disk quotas dquot_6.6.0
May 24 18:29:14 koron kernel: VFS: Dquot-cache hash table entries: 512 (order 0, 4096 bytes)
May 24 18:29:14 koron kernel: pnp: PnP ACPI init
May 24 18:29:14 koron kernel: system 00:00: [mem 0xf8000000-0xfbffffff] has been reserved
May 24 18:29:14 koron kernel: system 00:02: [io  0x0a00-0x0a0f] has been reserved
May 24 18:29:14 koron kernel: system 00:02: [io  0x0a10-0x0a1f] has been reserved
May 24 18:29:14 koron kernel: system 00:02: [io  0x0a20-0x0a2f] has been reserved
May 24 18:29:14 koron kernel: system 00:02: [io  0x0a40-0x0a4f] has been reserved
May 24 18:29:14 koron kernel: pnp 00:03: [dma 0 disabled]
May 24 18:29:14 koron kernel: pnp 00:04: [dma 0 disabled]
May 24 18:29:14 koron kernel: system 00:05: [io  0x04d0-0x04d1] has been reserved
May 24 18:29:14 koron kernel: system 00:05: [io  0x040b] has been reserved
May 24 18:29:14 koron kernel: system 00:05: [io  0x04d6] has been reserved
May 24 18:29:14 koron kernel: system 00:05: [io  0x0c00-0x0c01] has been reserved
May 24 18:29:14 koron kernel: system 00:05: [io  0x0c14] has been reserved
May 24 18:29:14 koron kernel: system 00:05: [io  0x0c50-0x0c51] has been reserved
May 24 18:29:14 koron kernel: system 00:05: [io  0x0c52] has been reserved
May 24 18:29:14 koron kernel: system 00:05: [io  0x0c6c] has been reserved
May 24 18:29:14 koron kernel: system 00:05: [io  0x0c6f] has been reserved
May 24 18:29:14 koron kernel: system 00:05: [io  0x0cd0-0x0cd1] has been reserved
May 24 18:29:14 koron kernel: system 00:05: [io  0x0cd2-0x0cd3] has been reserved
May 24 18:29:14 koron kernel: system 00:05: [io  0x0cd4-0x0cd5] has been reserved
May 24 18:29:14 koron kernel: system 00:05: [io  0x0cd6-0x0cd7] has been reserved
May 24 18:29:14 koron kernel: system 00:05: [io  0x0cd8-0x0cdf] has been reserved
May 24 18:29:14 koron kernel: system 00:05: [io  0x0800-0x089f] has been reserved
May 24 18:29:14 koron kernel: system 00:05: [io  0x0b00-0x0b0f] has been reserved
May 24 18:29:14 koron kernel: system 00:05: [io  0x0b20-0x0b3f] has been reserved
May 24 18:29:14 koron kernel: system 00:05: [io  0x0900-0x090f] has been reserved
May 24 18:29:14 koron kernel: system 00:05: [io  0x0910-0x091f] has been reserved
May 24 18:29:14 koron kernel: system 00:05: [mem 0xfec00000-0xfec00fff] could not be reserved
May 24 18:29:14 koron kernel: system 00:05: [mem 0xfec01000-0xfec01fff] could not be reserved
May 24 18:29:14 koron kernel: system 00:05: [mem 0xfedc0000-0xfedc0fff] has been reserved
May 24 18:29:14 koron kernel: system 00:05: [mem 0xfee00000-0xfee00fff] has been reserved
May 24 18:29:14 koron kernel: system 00:05: [mem 0xfed80000-0xfed8ffff] could not be reserved
May 24 18:29:14 koron kernel: system 00:05: [mem 0xfec10000-0xfec10fff] has been reserved
May 24 18:29:14 koron kernel: system 00:05: [mem 0xff000000-0xffffffff] has been reserved
May 24 18:29:14 koron kernel: pnp: PnP ACPI: found 6 devices
May 24 18:29:14 koron kernel: clocksource: acpi_pm: mask: 0xffffff max_cycles: 0xffffff, max_idle_ns: 2085701024 ns
May 24 18:29:14 koron kernel: NET: Registered PF_INET protocol family
May 24 18:29:14 koron kernel: IP idents hash table entries: 262144 (order: 9, 2097152 bytes, linear)
May 24 18:29:14 koron kernel: tcp_listen_portaddr_hash hash table entries: 8192 (order: 5, 131072 bytes, linear)
May 24 18:29:14 koron kernel: TCP established hash table entries: 131072 (order: 8, 1048576 bytes, linear)
May 24 18:29:14 koron kernel: TCP bind hash table entries: 65536 (order: 8, 1048576 bytes, linear)
May 24 18:29:14 koron kernel: TCP: Hash tables configured (established 131072 bind 65536)
May 24 18:29:14 koron kernel: MPTCP token hash table entries: 16384 (order: 6, 393216 bytes, linear)
May 24 18:29:14 koron kernel: UDP hash table entries: 8192 (order: 6, 262144 bytes, linear)
May 24 18:29:14 koron kernel: UDP-Lite hash table entries: 8192 (order: 6, 262144 bytes, linear)
May 24 18:29:14 koron kernel: NET: Registered PF_UNIX/PF_LOCAL protocol family
May 24 18:29:14 koron kernel: NET: Registered PF_XDP protocol family
May 24 18:29:14 koron kernel: pci 0000:17:00.0: PCI bridge to [bus 18]
May 24 18:29:14 koron kernel: pci 0000:16:00.0: PCI bridge to [bus 17-18]
May 24 18:29:14 koron kernel: pci 0000:16:01.0: PCI bridge to [bus 19]
May 24 18:29:14 koron kernel: pci 0000:16:01.0:   bridge window [io  0xf000-0xffff]
May 24 18:29:14 koron kernel: pci 0000:16:01.0:   bridge window [mem 0xf7500000-0xf75fffff]
May 24 18:29:14 koron kernel: pci 0000:16:04.0: PCI bridge to [bus 1b]
May 24 18:29:14 koron kernel: pci 0000:16:06.0: PCI bridge to [bus 1d]
May 24 18:29:14 koron kernel: pci 0000:16:07.0: PCI bridge to [bus 1e]
May 24 18:29:14 koron kernel: pci 0000:03:00.2: PCI bridge to [bus 16-1e]
May 24 18:29:14 koron kernel: pci 0000:03:00.2:   bridge window [io  0xf000-0xffff]
May 24 18:29:14 koron kernel: pci 0000:03:00.2:   bridge window [mem 0xf7500000-0xf75fffff]
May 24 18:29:14 koron kernel: pci 0000:00:01.3: PCI bridge to [bus 03-1e]
May 24 18:29:14 koron kernel: pci 0000:00:01.3:   bridge window [io  0xf000-0xffff]
May 24 18:29:14 koron kernel: pci 0000:00:01.3:   bridge window [mem 0xf7500000-0xf76fffff]
May 24 18:29:14 koron kernel: pci 0000:00:03.1: PCI bridge to [bus 1f]
May 24 18:29:14 koron kernel: pci 0000:00:03.1:   bridge window [io  0xe000-0xefff]
May 24 18:29:14 koron kernel: pci 0000:00:03.1:   bridge window [mem 0xf6000000-0xf70fffff]
May 24 18:29:14 koron kernel: pci 0000:00:03.1:   bridge window [mem 0xe0000000-0xf1ffffff 64bit pref]
May 24 18:29:14 koron kernel: pci 0000:00:07.1: PCI bridge to [bus 20]
May 24 18:29:14 koron kernel: pci 0000:00:07.1:   bridge window [mem 0xf7200000-0xf74fffff]
May 24 18:29:14 koron kernel: pci 0000:00:08.1: PCI bridge to [bus 21]
May 24 18:29:14 koron kernel: pci 0000:00:08.1:   bridge window [mem 0xf7700000-0xf77fffff]
May 24 18:29:14 koron kernel: pci_bus 0000:00: resource 4 [io  0x0000-0x03af window]
May 24 18:29:14 koron kernel: pci_bus 0000:00: resource 5 [io  0x03e0-0x0cf7 window]
May 24 18:29:14 koron kernel: pci_bus 0000:00: resource 6 [io  0x03b0-0x03df window]
May 24 18:29:14 koron kernel: pci_bus 0000:00: resource 7 [io  0x0d00-0xffff window]
May 24 18:29:14 koron kernel: pci_bus 0000:00: resource 8 [mem 0x000a0000-0x000dffff window]
May 24 18:29:14 koron kernel: pci_bus 0000:00: resource 9 [mem 0xe0000000-0xfec2ffff window]
May 24 18:29:14 koron kernel: pci_bus 0000:00: resource 10 [mem 0xfee00000-0xffffffff window]
May 24 18:29:14 koron kernel: pci_bus 0000:03: resource 0 [io  0xf000-0xffff]
May 24 18:29:14 koron kernel: pci_bus 0000:03: resource 1 [mem 0xf7500000-0xf76fffff]
May 24 18:29:14 koron kernel: pci_bus 0000:16: resource 0 [io  0xf000-0xffff]
May 24 18:29:14 koron kernel: pci_bus 0000:16: resource 1 [mem 0xf7500000-0xf75fffff]
May 24 18:29:14 koron kernel: pci_bus 0000:19: resource 0 [io  0xf000-0xffff]
May 24 18:29:14 koron kernel: pci_bus 0000:19: resource 1 [mem 0xf7500000-0xf75fffff]
May 24 18:29:14 koron kernel: pci_bus 0000:1f: resource 0 [io  0xe000-0xefff]
May 24 18:29:14 koron kernel: pci_bus 0000:1f: resource 1 [mem 0xf6000000-0xf70fffff]
May 24 18:29:14 koron kernel: pci_bus 0000:1f: resource 2 [mem 0xe0000000-0xf1ffffff 64bit pref]
May 24 18:29:14 koron kernel: pci_bus 0000:20: resource 1 [mem 0xf7200000-0xf74fffff]
May 24 18:29:14 koron kernel: pci_bus 0000:21: resource 1 [mem 0xf7700000-0xf77fffff]
May 24 18:29:14 koron kernel: pci 0000:17:00.0: Disabling ASPM L0s/L1
May 24 18:29:14 koron kernel: pci 0000:1f:00.1: D0 power state depends on 0000:1f:00.0
May 24 18:29:14 koron kernel: PCI: CLS 64 bytes, default 64
May 24 18:29:14 koron kernel: pci 0000:00:00.2: AMD-Vi: IOMMU performance counters supported
May 24 18:29:14 koron kernel: pci 0000:00:01.0: Adding to iommu group 0
May 24 18:29:14 koron kernel: pci 0000:00:01.3: Adding to iommu group 1
May 24 18:29:14 koron kernel: pci 0000:00:02.0: Adding to iommu group 2
May 24 18:29:14 koron kernel: pci 0000:00:03.0: Adding to iommu group 3
May 24 18:29:14 koron kernel: Trying to unpack rootfs image as initramfs...
May 24 18:29:14 koron kernel: pci 0000:00:03.1: Adding to iommu group 4
May 24 18:29:14 koron kernel: pci 0000:00:04.0: Adding to iommu group 5
May 24 18:29:14 koron kernel: pci 0000:00:07.0: Adding to iommu group 6
May 24 18:29:14 koron kernel: pci 0000:00:07.1: Adding to iommu group 7
May 24 18:29:14 koron kernel: pci 0000:00:08.0: Adding to iommu group 8
May 24 18:29:14 koron kernel: pci 0000:00:08.1: Adding to iommu group 9
May 24 18:29:14 koron kernel: pci 0000:00:14.0: Adding to iommu group 10
May 24 18:29:14 koron kernel: pci 0000:00:14.3: Adding to iommu group 10
May 24 18:29:14 koron kernel: pci 0000:00:18.0: Adding to iommu group 11
May 24 18:29:14 koron kernel: pci 0000:00:18.1: Adding to iommu group 11
May 24 18:29:14 koron kernel: pci 0000:00:18.2: Adding to iommu group 11
May 24 18:29:14 koron kernel: pci 0000:00:18.3: Adding to iommu group 11
May 24 18:29:14 koron kernel: pci 0000:00:18.4: Adding to iommu group 11
May 24 18:29:14 koron kernel: pci 0000:00:18.5: Adding to iommu group 11
May 24 18:29:14 koron kernel: pci 0000:00:18.6: Adding to iommu group 11
May 24 18:29:14 koron kernel: pci 0000:00:18.7: Adding to iommu group 11
May 24 18:29:14 koron kernel: pci 0000:03:00.0: Adding to iommu group 12
May 24 18:29:14 koron kernel: pci 0000:03:00.1: Adding to iommu group 12
May 24 18:29:14 koron kernel: pci 0000:03:00.2: Adding to iommu group 12
May 24 18:29:14 koron kernel: pci 0000:16:00.0: Adding to iommu group 12
May 24 18:29:14 koron kernel: pci 0000:16:01.0: Adding to iommu group 12
May 24 18:29:14 koron kernel: pci 0000:16:04.0: Adding to iommu group 12
May 24 18:29:14 koron kernel: pci 0000:16:06.0: Adding to iommu group 12
May 24 18:29:14 koron kernel: pci 0000:16:07.0: Adding to iommu group 12
May 24 18:29:14 koron kernel: pci 0000:17:00.0: Adding to iommu group 12
May 24 18:29:14 koron kernel: pci 0000:19:00.0: Adding to iommu group 12
May 24 18:29:14 koron kernel: pci 0000:1f:00.0: Adding to iommu group 13
May 24 18:29:14 koron kernel: pci 0000:1f:00.1: Adding to iommu group 13
May 24 18:29:14 koron kernel: pci 0000:20:00.0: Adding to iommu group 14
May 24 18:29:14 koron kernel: pci 0000:20:00.2: Adding to iommu group 15
May 24 18:29:14 koron kernel: pci 0000:20:00.3: Adding to iommu group 16
May 24 18:29:14 koron kernel: pci 0000:21:00.0: Adding to iommu group 17
May 24 18:29:14 koron kernel: pci 0000:21:00.2: Adding to iommu group 18
May 24 18:29:14 koron kernel: pci 0000:21:00.3: Adding to iommu group 19
May 24 18:29:14 koron kernel: pci 0000:00:00.2: AMD-Vi: Found IOMMU cap 0x40
May 24 18:29:14 koron kernel: AMD-Vi: Extended features (0xf77ef22294ada): PPR NX GT IA GA PC GA_vAPIC
May 24 18:29:14 koron kernel: AMD-Vi: Interrupt remapping enabled
May 24 18:29:14 koron kernel: AMD-Vi: Virtual APIC enabled
May 24 18:29:14 koron kernel: software IO TLB: tearing down default memory pool
May 24 18:29:14 koron kernel: perf/amd_iommu: Detected AMD IOMMU #0 (2 banks, 4 counters/bank).
May 24 18:29:14 koron kernel: Initialise system trusted keyrings
May 24 18:29:14 koron kernel: Key type blacklist registered
May 24 18:29:14 koron kernel: workingset: timestamp_bits=41 max_order=22 bucket_order=0
May 24 18:29:14 koron kernel: zbud: loaded
May 24 18:29:14 koron kernel: Key type asymmetric registered
May 24 18:29:14 koron kernel: Asymmetric key parser 'x509' registered
May 24 18:29:14 koron kernel: Freeing initrd memory: 8564K
May 24 18:29:14 koron kernel: alg: self-tests for CTR-KDF (hmac(sha256)) passed
May 24 18:29:14 koron kernel: Block layer SCSI generic (bsg) driver version 0.4 loaded (major 242)
May 24 18:29:14 koron kernel: io scheduler mq-deadline registered
May 24 18:29:14 koron kernel: io scheduler kyber registered
May 24 18:29:14 koron kernel: io scheduler bfq registered
May 24 18:29:14 koron kernel: pcieport 0000:00:01.3: PME: Signaling with IRQ 26
May 24 18:29:14 koron kernel: pcieport 0000:00:01.3: AER: enabled with IRQ 26
May 24 18:29:14 koron kernel: pcieport 0000:00:03.1: PME: Signaling with IRQ 27
May 24 18:29:14 koron kernel: pcieport 0000:00:03.1: AER: enabled with IRQ 27
May 24 18:29:14 koron kernel: pcieport 0000:00:07.1: PME: Signaling with IRQ 28
May 24 18:29:14 koron kernel: pcieport 0000:00:07.1: AER: enabled with IRQ 28
May 24 18:29:14 koron kernel: pcieport 0000:00:08.1: PME: Signaling with IRQ 30
May 24 18:29:14 koron kernel: pcieport 0000:00:08.1: AER: enabled with IRQ 30
May 24 18:29:14 koron kernel: shpchp: Standard Hot Plug PCI Controller Driver version: 0.4
May 24 18:29:14 koron kernel: input: Power Button as /devices/LNXSYSTM:00/LNXSYBUS:00/PNP0C0C:00/input/input0
May 24 18:29:14 koron kernel: ACPI: button: Power Button [PWRB]
May 24 18:29:14 koron kernel: input: Power Button as /devices/LNXSYSTM:00/LNXPWRBN:00/input/input1
May 24 18:29:14 koron kernel: ACPI: button: Power Button [PWRF]
May 24 18:29:14 koron kernel: [Firmware Bug]: ACPI MWAIT C-state 0x0 not supported by HW (0x0)
May 24 18:29:14 koron kernel: ACPI: \_PR_.P000: Found 2 idle states
May 24 18:29:14 koron kernel: [Firmware Bug]: ACPI MWAIT C-state 0x0 not supported by HW (0x0)
May 24 18:29:14 koron kernel: ACPI: \_PR_.P001: Found 2 idle states
May 24 18:29:14 koron kernel: [Firmware Bug]: ACPI MWAIT C-state 0x0 not supported by HW (0x0)
May 24 18:29:14 koron kernel: ACPI: \_PR_.P002: Found 2 idle states
May 24 18:29:14 koron kernel: [Firmware Bug]: ACPI MWAIT C-state 0x0 not supported by HW (0x0)
May 24 18:29:14 koron kernel: ACPI: \_PR_.P003: Found 2 idle states
May 24 18:29:14 koron kernel: [Firmware Bug]: ACPI MWAIT C-state 0x0 not supported by HW (0x0)
May 24 18:29:14 koron kernel: ACPI: \_PR_.P004: Found 2 idle states
May 24 18:29:14 koron kernel: [Firmware Bug]: ACPI MWAIT C-state 0x0 not supported by HW (0x0)
May 24 18:29:14 koron kernel: ACPI: \_PR_.P005: Found 2 idle states
May 24 18:29:14 koron kernel: [Firmware Bug]: ACPI MWAIT C-state 0x0 not supported by HW (0x0)
May 24 18:29:14 koron kernel: ACPI: \_PR_.P006: Found 2 idle states
May 24 18:29:14 koron kernel: [Firmware Bug]: ACPI MWAIT C-state 0x0 not supported by HW (0x0)
May 24 18:29:14 koron kernel: ACPI: \_PR_.P007: Found 2 idle states
May 24 18:29:14 koron kernel: [Firmware Bug]: ACPI MWAIT C-state 0x0 not supported by HW (0x0)
May 24 18:29:14 koron kernel: ACPI: \_PR_.P008: Found 2 idle states
May 24 18:29:14 koron kernel: [Firmware Bug]: ACPI MWAIT C-state 0x0 not supported by HW (0x0)
May 24 18:29:14 koron kernel: ACPI: \_PR_.P009: Found 2 idle states
May 24 18:29:14 koron kernel: [Firmware Bug]: ACPI MWAIT C-state 0x0 not supported by HW (0x0)
May 24 18:29:14 koron kernel: ACPI: \_PR_.P00A: Found 2 idle states
May 24 18:29:14 koron kernel: [Firmware Bug]: ACPI MWAIT C-state 0x0 not supported by HW (0x0)
May 24 18:29:14 koron kernel: ACPI: \_PR_.P00B: Found 2 idle states
May 24 18:29:14 koron kernel: [Firmware Bug]: ACPI MWAIT C-state 0x0 not supported by HW (0x0)
May 24 18:29:14 koron kernel: ACPI: \_PR_.P00C: Found 2 idle states
May 24 18:29:14 koron kernel: [Firmware Bug]: ACPI MWAIT C-state 0x0 not supported by HW (0x0)
May 24 18:29:14 koron kernel: ACPI: \_PR_.P00D: Found 2 idle states
May 24 18:29:14 koron kernel: [Firmware Bug]: ACPI MWAIT C-state 0x0 not supported by HW (0x0)
May 24 18:29:14 koron kernel: ACPI: \_PR_.P00E: Found 2 idle states
May 24 18:29:14 koron kernel: [Firmware Bug]: ACPI MWAIT C-state 0x0 not supported by HW (0x0)
May 24 18:29:14 koron kernel: ACPI: \_PR_.P00F: Found 2 idle states
May 24 18:29:14 koron kernel: Serial: 8250/16550 driver, 32 ports, IRQ sharing enabled
May 24 18:29:14 koron kernel: 00:04: ttyS0 at I/O 0x3f8 (irq = 4, base_baud = 115200) is a 16550A
May 24 18:29:14 koron kernel: Non-volatile memory driver v1.3
May 24 18:29:14 koron kernel: Linux agpgart interface v0.103
May 24 18:29:14 koron kernel: AMD-Vi: AMD IOMMUv2 loaded and initialized
May 24 18:29:14 koron kernel: ACPI: bus type drm_connector registered
May 24 18:29:14 koron kernel: ahci 0000:03:00.1: version 3.0
May 24 18:29:14 koron kernel: ahci 0000:03:00.1: SSS flag set, parallel bus scan disabled
May 24 18:29:14 koron kernel: ahci 0000:03:00.1: AHCI 0001.0301 32 slots 8 ports 6 Gbps 0x33 impl SATA mode
May 24 18:29:14 koron kernel: ahci 0000:03:00.1: flags: 64bit ncq sntf stag pm led clo only pmp pio slum part sxs deso sadm sds apst 
May 24 18:29:14 koron kernel: scsi host0: ahci
May 24 18:29:14 koron kernel: scsi host1: ahci
May 24 18:29:14 koron kernel: scsi host2: ahci
May 24 18:29:14 koron kernel: scsi host3: ahci
May 24 18:29:14 koron kernel: scsi host4: ahci
May 24 18:29:14 koron kernel: scsi host5: ahci
May 24 18:29:14 koron kernel: scsi host6: ahci
May 24 18:29:14 koron kernel: scsi host7: ahci
May 24 18:29:14 koron kernel: ata1: SATA max UDMA/133 abar m131072@0xf7680000 port 0xf7680100 irq 40
May 24 18:29:14 koron kernel: ata2: SATA max UDMA/133 abar m131072@0xf7680000 port 0xf7680180 irq 40
May 24 18:29:14 koron kernel: ata3: DUMMY
May 24 18:29:14 koron kernel: ata4: DUMMY
May 24 18:29:14 koron kernel: ata5: SATA max UDMA/133 abar m131072@0xf7680000 port 0xf7680300 irq 40
May 24 18:29:14 koron kernel: ata6: SATA max UDMA/133 abar m131072@0xf7680000 port 0xf7680380 irq 40
May 24 18:29:14 koron kernel: ata7: DUMMY
May 24 18:29:14 koron kernel: ata8: DUMMY
May 24 18:29:14 koron kernel: ahci 0000:21:00.2: AHCI 0001.0301 32 slots 1 ports 6 Gbps 0x1 impl SATA mode
May 24 18:29:14 koron kernel: ahci 0000:21:00.2: flags: 64bit ncq sntf ilck led clo only pmp fbs pio 
May 24 18:29:14 koron kernel: scsi host8: ahci
May 24 18:29:14 koron kernel: ata9: SATA max UDMA/133 abar m4096@0xf7708000 port 0xf7708100 irq 42
May 24 18:29:14 koron kernel: ehci_hcd: USB 2.0 'Enhanced' Host Controller (EHCI) Driver
May 24 18:29:14 koron kernel: ehci-pci: EHCI PCI platform driver
May 24 18:29:14 koron kernel: ohci_hcd: USB 1.1 'Open' Host Controller (OHCI) Driver
May 24 18:29:14 koron kernel: ohci-pci: OHCI PCI platform driver
May 24 18:29:14 koron kernel: uhci_hcd: USB Universal Host Controller Interface driver
May 24 18:29:14 koron kernel: usbcore: registered new interface driver usbserial_generic
May 24 18:29:14 koron kernel: usbserial: USB Serial support registered for generic
May 24 18:29:14 koron kernel: rtc_cmos 00:01: RTC can wake from S4
May 24 18:29:14 koron kernel: rtc_cmos 00:01: registered as rtc0
May 24 18:29:14 koron kernel: rtc_cmos 00:01: setting system clock to 2022-05-24T16:29:12 UTC (1653409752)
May 24 18:29:14 koron kernel: rtc_cmos 00:01: alarms up to one month, y3k, 114 bytes nvram, hpet irqs
May 24 18:29:14 koron kernel: ledtrig-cpu: registered to indicate activity on CPUs
May 24 18:29:14 koron kernel: vesafb: mode is 640x480x32, linelength=2560, pages=0
May 24 18:29:14 koron kernel: vesafb: scrolling: redraw
May 24 18:29:14 koron kernel: vesafb: Truecolor: size=8:8:8:8, shift=24:16:8:0
May 24 18:29:14 koron kernel: vesafb: framebuffer at 0xf1000000, mapped to 0x000000003aeed5a3, using 1216k, total 1216k
May 24 18:29:14 koron kernel: fbcon: Deferring console take-over
May 24 18:29:14 koron kernel: fb0: VESA VGA frame buffer device
May 24 18:29:14 koron kernel: hid: raw HID events driver (C) Jiri Kosina
May 24 18:29:14 koron kernel: drop_monitor: Initializing network drop monitor service
May 24 18:29:14 koron kernel: Initializing XFRM netlink socket
May 24 18:29:14 koron kernel: NET: Registered PF_INET6 protocol family
May 24 18:29:14 koron kernel: pcieport 0000:00:01.3: PME: Spurious native interrupt!
May 24 18:29:14 koron kernel: Segment Routing with IPv6
May 24 18:29:14 koron kernel: RPL Segment Routing with IPv6
May 24 18:29:14 koron kernel: In-situ OAM (IOAM) with IPv6
May 24 18:29:14 koron kernel: NET: Registered PF_PACKET protocol family
May 24 18:29:14 koron kernel: microcode: CPU0: patch_level=0x08001137
May 24 18:29:14 koron kernel: microcode: CPU1: patch_level=0x08001137
May 24 18:29:14 koron kernel: microcode: CPU2: patch_level=0x08001137
May 24 18:29:14 koron kernel: microcode: CPU3: patch_level=0x08001137
May 24 18:29:14 koron kernel: microcode: CPU4: patch_level=0x08001137
May 24 18:29:14 koron kernel: microcode: CPU5: patch_level=0x08001137
May 24 18:29:14 koron kernel: microcode: CPU6: patch_level=0x08001137
May 24 18:29:14 koron kernel: microcode: CPU7: patch_level=0x08001137
May 24 18:29:14 koron kernel: microcode: CPU8: patch_level=0x08001137
May 24 18:29:14 koron kernel: microcode: CPU9: patch_level=0x08001137
May 24 18:29:14 koron kernel: microcode: CPU10: patch_level=0x08001137
May 24 18:29:14 koron kernel: microcode: CPU11: patch_level=0x08001137
May 24 18:29:14 koron kernel: microcode: CPU12: patch_level=0x08001137
May 24 18:29:14 koron kernel: microcode: CPU13: patch_level=0x08001137
May 24 18:29:14 koron kernel: microcode: CPU14: patch_level=0x08001137
May 24 18:29:14 koron kernel: microcode: CPU15: patch_level=0x08001137
May 24 18:29:14 koron kernel: microcode: Microcode Update Driver: v2.2.
May 24 18:29:14 koron kernel: IPI shorthand broadcast: enabled
May 24 18:29:14 koron kernel: sched_clock: Marking stable (309896433, -23328713)->(305670013, -19102293)
May 24 18:29:14 koron kernel: registered taskstats version 1
May 24 18:29:14 koron kernel: Loading compiled-in X.509 certificates
May 24 18:29:14 koron kernel: Loaded X.509 cert 'Build time autogenerated kernel key: 7b1f7772fe6b819d806548881a392e077a32804c'
May 24 18:29:14 koron kernel: zswap: loaded using pool lz4/z3fold
May 24 18:29:14 koron kernel: Key type ._fscrypt registered
May 24 18:29:14 koron kernel: Key type .fscrypt registered
May 24 18:29:14 koron kernel: Key type fscrypt-provisioning registered
May 24 18:29:14 koron kernel: PM:   Magic number: 6:421:490
May 24 18:29:14 koron kernel: RAS: Correctable Errors collector initialized.
May 24 18:29:14 koron kernel: ata9: SATA link down (SStatus 0 SControl 300)
May 24 18:29:14 koron kernel: ata1: SATA link up 6.0 Gbps (SStatus 133 SControl 300)
May 24 18:29:14 koron kernel: ata1.00: supports DRM functions and may not be fully accessible
May 24 18:29:14 koron kernel: ata1.00: ATA-9: Samsung SSD 850 PRO 256GB, EXM04B6Q, max UDMA/133
May 24 18:29:14 koron kernel: ata1.00: 500118192 sectors, multi 1: LBA48 NCQ (depth 32), AA
May 24 18:29:14 koron kernel: ata1.00: Features: Trust Dev-Sleep NCQ-sndrcv
May 24 18:29:14 koron kernel: ata1.00: supports DRM functions and may not be fully accessible
May 24 18:29:14 koron kernel: ata1.00: configured for UDMA/133
May 24 18:29:14 koron kernel: scsi 0:0:0:0: Direct-Access     ATA      Samsung SSD 850  4B6Q PQ: 0 ANSI: 5
May 24 18:29:14 koron kernel: sd 0:0:0:0: [sda] 500118192 512-byte logical blocks: (256 GB/238 GiB)
May 24 18:29:14 koron kernel: sd 0:0:0:0: [sda] Write Protect is off
May 24 18:29:14 koron kernel: sd 0:0:0:0: [sda] Mode Sense: 00 3a 00 00
May 24 18:29:14 koron kernel: sd 0:0:0:0: [sda] Write cache: enabled, read cache: enabled, doesn't support DPO or FUA
May 24 18:29:14 koron kernel:  sda: sda1 sda2
May 24 18:29:14 koron kernel: sd 0:0:0:0: [sda] supports TCG Opal
May 24 18:29:14 koron kernel: sd 0:0:0:0: [sda] Attached SCSI disk
May 24 18:29:14 koron kernel: ata2: SATA link up 6.0 Gbps (SStatus 133 SControl 300)
May 24 18:29:14 koron kernel: ata2.00: supports DRM functions and may not be fully accessible
May 24 18:29:14 koron kernel: ata2.00: ATA-10: CT500MX500SSD1, M3CR020, max UDMA/133
May 24 18:29:14 koron kernel: ata2.00: 976773168 sectors, multi 1: LBA48 NCQ (depth 32), AA
May 24 18:29:14 koron kernel: ata2.00: Features: Trust Dev-Sleep
May 24 18:29:14 koron kernel: ata2.00: supports DRM functions and may not be fully accessible
May 24 18:29:14 koron kernel: ata2.00: configured for UDMA/133
May 24 18:29:14 koron kernel: scsi 1:0:0:0: Direct-Access     ATA      CT500MX500SSD1   020  PQ: 0 ANSI: 5
May 24 18:29:14 koron kernel: sd 1:0:0:0: [sdb] 976773168 512-byte logical blocks: (500 GB/466 GiB)
May 24 18:29:14 koron kernel: sd 1:0:0:0: [sdb] Write Protect is off
May 24 18:29:14 koron kernel: sd 1:0:0:0: [sdb] Mode Sense: 00 3a 00 00
May 24 18:29:14 koron kernel: sd 1:0:0:0: [sdb] Write cache: enabled, read cache: enabled, doesn't support DPO or FUA
May 24 18:29:14 koron kernel: tsc: Refined TSC clocksource calibration: 2999.999 MHz
May 24 18:29:14 koron kernel: clocksource: tsc: mask: 0xffffffffffffffff max_cycles: 0x2b3e44b2357, max_idle_ns: 440795324996 ns
May 24 18:29:14 koron kernel: clocksource: Switched to clocksource tsc
May 24 18:29:14 koron kernel:  sdb: sdb1 sdb2 sdb3 sdb4
May 24 18:29:14 koron kernel: sd 1:0:0:0: [sdb] supports TCG Opal
May 24 18:29:14 koron kernel: sd 1:0:0:0: [sdb] Attached SCSI disk
May 24 18:29:14 koron kernel: ata5: SATA link down (SStatus 0 SControl 300)
May 24 18:29:14 koron kernel: ata6: SATA link down (SStatus 0 SControl 300)
May 24 18:29:14 koron kernel: Freeing unused decrypted memory: 2036K
May 24 18:29:14 koron kernel: Freeing unused kernel image (initmem) memory: 1788K
May 24 18:29:14 koron kernel: Write protecting the kernel read-only data: 28672k
May 24 18:29:14 koron kernel: Freeing unused kernel image (text/rodata gap) memory: 2040K
May 24 18:29:14 koron kernel: Freeing unused kernel image (rodata/data gap) memory: 1348K
May 24 18:29:14 koron kernel: x86/mm: Checked W+X mappings: passed, no W+X pages found.
May 24 18:29:14 koron kernel: rodata_test: all tests were successful
May 24 18:29:14 koron kernel: Run /init as init process
May 24 18:29:14 koron kernel:   with arguments:
May 24 18:29:14 koron kernel:     /init
May 24 18:29:14 koron kernel:   with environment:
May 24 18:29:14 koron kernel:     HOME=/
May 24 18:29:14 koron kernel:     TERM=linux
May 24 18:29:14 koron kernel:     BOOT_IMAGE=/boot/vmlinuz-linux
May 24 18:29:14 koron kernel: fbcon: Taking over console
May 24 18:29:14 koron kernel: Console: switching to colour frame buffer device 80x30
May 24 18:29:14 koron kernel: xhci_hcd 0000:03:00.0: xHCI Host Controller
May 24 18:29:14 koron kernel: xhci_hcd 0000:03:00.0: new USB bus registered, assigned bus number 1
May 24 18:29:14 koron kernel: xhci_hcd 0000:03:00.0: hcc params 0x0200ef81 hci version 0x110 quirks 0x0000010048000410
May 24 18:29:14 koron kernel: usb usb1: New USB device found, idVendor=1d6b, idProduct=0002, bcdDevice= 5.17
May 24 18:29:14 koron kernel: usb usb1: New USB device strings: Mfr=3, Product=2, SerialNumber=1
May 24 18:29:14 koron kernel: usb usb1: Product: xHCI Host Controller
May 24 18:29:14 koron kernel: usb usb1: Manufacturer: Linux 5.17.9-arch1-1 xhci-hcd
May 24 18:29:14 koron kernel: usb usb1: SerialNumber: 0000:03:00.0
May 24 18:29:14 koron kernel: hub 1-0:1.0: USB hub found
May 24 18:29:14 koron kernel: hub 1-0:1.0: 10 ports detected
May 24 18:29:14 koron kernel: xhci_hcd 0000:03:00.0: xHCI Host Controller
May 24 18:29:14 koron kernel: xhci_hcd 0000:03:00.0: new USB bus registered, assigned bus number 2
May 24 18:29:14 koron kernel: xhci_hcd 0000:03:00.0: Host supports USB 3.1 Enhanced SuperSpeed
May 24 18:29:14 koron kernel: usb usb2: We don't know the algorithms for LPM for this host, disabling LPM.
May 24 18:29:14 koron kernel: usb usb2: New USB device found, idVendor=1d6b, idProduct=0003, bcdDevice= 5.17
May 24 18:29:14 koron kernel: usb usb2: New USB device strings: Mfr=3, Product=2, SerialNumber=1
May 24 18:29:14 koron kernel: usb usb2: Product: xHCI Host Controller
May 24 18:29:14 koron kernel: usb usb2: Manufacturer: Linux 5.17.9-arch1-1 xhci-hcd
May 24 18:29:14 koron kernel: usb usb2: SerialNumber: 0000:03:00.0
May 24 18:29:14 koron kernel: hub 2-0:1.0: USB hub found
May 24 18:29:14 koron kernel: hub 2-0:1.0: 4 ports detected
May 24 18:29:14 koron kernel: xhci_hcd 0000:20:00.3: xHCI Host Controller
May 24 18:29:14 koron kernel: xhci_hcd 0000:20:00.3: new USB bus registered, assigned bus number 3
May 24 18:29:14 koron kernel: xhci_hcd 0000:20:00.3: hcc params 0x0270f665 hci version 0x100 quirks 0x0000000040000410
May 24 18:29:14 koron kernel: usb usb3: New USB device found, idVendor=1d6b, idProduct=0002, bcdDevice= 5.17
May 24 18:29:14 koron kernel: usb usb3: New USB device strings: Mfr=3, Product=2, SerialNumber=1
May 24 18:29:14 koron kernel: usb usb3: Product: xHCI Host Controller
May 24 18:29:14 koron kernel: usb usb3: Manufacturer: Linux 5.17.9-arch1-1 xhci-hcd
May 24 18:29:14 koron kernel: usb usb3: SerialNumber: 0000:20:00.3
May 24 18:29:14 koron kernel: hub 3-0:1.0: USB hub found
May 24 18:29:14 koron kernel: hub 3-0:1.0: 4 ports detected
May 24 18:29:14 koron kernel: xhci_hcd 0000:20:00.3: xHCI Host Controller
May 24 18:29:14 koron kernel: xhci_hcd 0000:20:00.3: new USB bus registered, assigned bus number 4
May 24 18:29:14 koron kernel: xhci_hcd 0000:20:00.3: Host supports USB 3.0 SuperSpeed
May 24 18:29:14 koron kernel: usb usb4: We don't know the algorithms for LPM for this host, disabling LPM.
May 24 18:29:14 koron kernel: usb usb4: New USB device found, idVendor=1d6b, idProduct=0003, bcdDevice= 5.17
May 24 18:29:14 koron kernel: usb usb4: New USB device strings: Mfr=3, Product=2, SerialNumber=1
May 24 18:29:14 koron kernel: usb usb4: Product: xHCI Host Controller
May 24 18:29:14 koron kernel: usb usb4: Manufacturer: Linux 5.17.9-arch1-1 xhci-hcd
May 24 18:29:14 koron kernel: usb usb4: SerialNumber: 0000:20:00.3
May 24 18:29:14 koron kernel: hub 4-0:1.0: USB hub found
May 24 18:29:14 koron kernel: hub 4-0:1.0: 4 ports detected
May 24 18:29:14 koron kernel: EXT4-fs (sdb4): mounted filesystem with ordered data mode. Quota mode: none.
May 24 18:29:14 koron kernel: usb 1-3: new low-speed USB device number 2 using xhci_hcd
May 24 18:29:14 koron systemd[1]: systemd 250.5-1-arch running in system mode (+PAM +AUDIT -SELINUX -APPARMOR -IMA +SMACK +SECCOMP +GCRYPT +GNUTLS +OPENSSL +ACL +BLKID +CURL +ELFUTILS +FIDO2 +IDN2 -IDN +IPTC +KMOD +LIBCRYPTSETUP +LIBFDISK +PCRE2 -PWQUALITY +P11KIT -QRENCODE +BZIP2 +LZ4 +XZ +ZLIB +ZSTD -BPF_FRAMEWORK +XKBCOMMON +UTMP -SYSVINIT default-hierarchy=unified)
May 24 18:29:14 koron systemd[1]: Detected architecture x86-64.
May 24 18:29:14 koron systemd[1]: Hostname set to <koron>.
May 24 18:29:14 koron systemd[1]: Queued start job for default target Graphical Interface.
May 24 18:29:14 koron systemd[1]: Created slice Slice /system/getty.
May 24 18:29:14 koron systemd[1]: Created slice Slice /system/modprobe.
May 24 18:29:14 koron systemd[1]: Created slice User and Session Slice.
May 24 18:29:14 koron systemd[1]: Started Dispatch Password Requests to Console Directory Watch.
May 24 18:29:14 koron systemd[1]: Started Forward Password Requests to Wall Directory Watch.
May 24 18:29:14 koron systemd[1]: Set up automount Arbitrary Executable File Formats File System Automount Point.
May 24 18:29:14 koron systemd[1]: Reached target Local Encrypted Volumes.
May 24 18:29:14 koron systemd[1]: Reached target Login Prompts.
May 24 18:29:14 koron systemd[1]: Reached target Local Integrity Protected Volumes.
May 24 18:29:14 koron systemd[1]: Reached target Path Units.
May 24 18:29:14 koron systemd[1]: Reached target Remote File Systems.
May 24 18:29:14 koron systemd[1]: Reached target Slice Units.
May 24 18:29:14 koron systemd[1]: Reached target Local Verity Protected Volumes.
May 24 18:29:14 koron systemd[1]: Listening on Device-mapper event daemon FIFOs.
May 24 18:29:14 koron systemd[1]: Listening on LVM2 poll daemon socket.
May 24 18:29:14 koron systemd[1]: Listening on Process Core Dump Socket.
May 24 18:29:14 koron systemd[1]: Listening on Journal Audit Socket.
May 24 18:29:14 koron systemd[1]: Listening on Journal Socket (/dev/log).
May 24 18:29:14 koron systemd[1]: Listening on Journal Socket.
May 24 18:29:14 koron systemd[1]: Listening on udev Control Socket.
May 24 18:29:14 koron systemd[1]: Listening on udev Kernel Socket.
May 24 18:29:14 koron systemd[1]: Mounting Huge Pages File System...
May 24 18:29:14 koron systemd[1]: Mounting POSIX Message Queue File System...
May 24 18:29:14 koron systemd[1]: Mounting Kernel Debug File System...
May 24 18:29:14 koron systemd[1]: Mounting Kernel Trace File System...
May 24 18:29:14 koron systemd[1]: Starting Create List of Static Device Nodes...
May 24 18:29:14 koron systemd[1]: Starting Monitoring of LVM2 mirrors, snapshots etc. using dmeventd or progress polling...
May 24 18:29:14 koron systemd[1]: Starting Load Kernel Module configfs...
May 24 18:29:14 koron systemd[1]: Starting Load Kernel Module drm...
May 24 18:29:14 koron systemd[1]: Starting Load Kernel Module fuse...
May 24 18:29:14 koron systemd[1]: File System Check on Root Device was skipped because of a failed condition check (ConditionPathIsReadWrite=!/).
May 24 18:29:14 koron systemd[1]: Starting Journal Service...
May 24 18:29:14 koron systemd[1]: Starting Load Kernel Modules...
May 24 18:29:14 koron systemd[1]: Starting Remount Root and Kernel File Systems...
May 24 18:29:14 koron systemd[1]: Repartition Root Disk was skipped because all trigger condition checks failed.
May 24 18:29:14 koron systemd[1]: Starting Coldplug All udev Devices...
May 24 18:29:14 koron systemd[1]: Mounted Huge Pages File System.
May 24 18:29:14 koron systemd[1]: Mounted POSIX Message Queue File System.
May 24 18:29:14 koron systemd[1]: Mounted Kernel Debug File System.
May 24 18:29:14 koron systemd[1]: Mounted Kernel Trace File System.
May 24 18:29:14 koron systemd[1]: Finished Create List of Static Device Nodes.
May 24 18:29:14 koron systemd[1]: modprobe@configfs.service: Deactivated successfully.
May 24 18:29:14 koron systemd[1]: Finished Load Kernel Module configfs.
May 24 18:29:14 koron systemd[1]: modprobe@drm.service: Deactivated successfully.
May 24 18:29:14 koron systemd[1]: Finished Load Kernel Module drm.
May 24 18:29:14 koron systemd[1]: Mounting Kernel Configuration File System...
May 24 18:29:14 koron kernel: EXT4-fs (sdb4): re-mounted. Quota mode: none.
May 24 18:29:14 koron systemd[1]: Finished Remount Root and Kernel File Systems.
May 24 18:29:14 koron systemd[1]: Mounted Kernel Configuration File System.
May 24 18:29:14 koron systemd[1]: First Boot Wizard was skipped because of a failed condition check (ConditionFirstBoot=yes).
May 24 18:29:14 koron systemd[1]: Rebuild Hardware Database was skipped because of a failed condition check (ConditionNeedsUpdate=/etc).
May 24 18:29:14 koron systemd[1]: Starting Load/Save Random Seed...
May 24 18:29:14 koron systemd[1]: Create System Users was skipped because of a failed condition check (ConditionNeedsUpdate=/etc).
May 24 18:29:14 koron kernel: fuse: init (API version 7.36)
May 24 18:29:14 koron systemd[1]: Starting Create Static Device Nodes in /dev...
May 24 18:29:14 koron systemd[1]: modprobe@fuse.service: Deactivated successfully.
May 24 18:29:14 koron systemd[1]: Finished Load Kernel Module fuse.
May 24 18:29:14 koron systemd[1]: Mounting FUSE Control File System...
May 24 18:29:14 koron systemd[1]: Mounted FUSE Control File System.
May 24 18:29:14 koron systemd[1]: Finished Load/Save Random Seed.
May 24 18:29:14 koron kernel: audit: type=1130 audit(1653409754.783:2): pid=1 uid=0 auid=4294967295 ses=4294967295 msg='unit=systemd-random-seed comm="systemd" exe="/usr/lib/systemd/systemd" hostname=? addr=? terminal=? res=success'
May 24 18:29:14 koron systemd[1]: First Boot Complete was skipped because of a failed condition check (ConditionFirstBoot=yes).
May 24 18:29:14 koron systemd[1]: Finished Create Static Device Nodes in /dev.
May 24 18:29:14 koron kernel: audit: type=1130 audit(1653409754.803:3): pid=1 uid=0 auid=4294967295 ses=4294967295 msg='unit=systemd-tmpfiles-setup-dev comm="systemd" exe="/usr/lib/systemd/systemd" hostname=? addr=? terminal=? res=success'
May 24 18:29:14 koron kernel: audit: type=1334 audit(1653409754.803:4): prog-id=13 op=LOAD
May 24 18:29:14 koron kernel: audit: type=1334 audit(1653409754.803:5): prog-id=14 op=LOAD
May 24 18:29:14 koron kernel: audit: type=1334 audit(1653409754.803:6): prog-id=15 op=LOAD
May 24 18:29:14 koron systemd[1]: Starting Rule-based Manager for Device Events and Files...
May 24 18:29:14 koron systemd-journald[356]: Journal started
May 24 18:29:14 koron systemd-journald[356]: Runtime Journal (/run/log/journal/b5df1363fc91419db1c8b716a2876a8e) is 8.0M, max 800.7M, 792.7M free.
May 24 18:29:14 koron audit[1]: SERVICE_START pid=1 uid=0 auid=4294967295 ses=4294967295 msg='unit=systemd-random-seed comm="systemd" exe="/usr/lib/systemd/systemd" hostname=? addr=? terminal=? res=success'
May 24 18:29:14 koron audit[1]: SERVICE_START pid=1 uid=0 auid=4294967295 ses=4294967295 msg='unit=systemd-tmpfiles-setup-dev comm="systemd" exe="/usr/lib/systemd/systemd" hostname=? addr=? terminal=? res=success'
May 24 18:29:14 koron audit: BPF prog-id=13 op=LOAD
May 24 18:29:14 koron systemd[1]: Started Journal Service.
May 24 18:29:14 koron audit: BPF prog-id=14 op=LOAD
May 24 18:29:14 koron audit: BPF prog-id=15 op=LOAD
May 24 18:29:14 koron audit[1]: SERVICE_START pid=1 uid=0 auid=4294967295 ses=4294967295 msg='unit=systemd-journald comm="systemd" exe="/usr/lib/systemd/systemd" hostname=? addr=? terminal=? res=success'
May 24 18:29:14 koron systemd-modules-load[357]: Inserted module 'crypto_user'
May 24 18:29:14 koron systemd[1]: Starting Flush Journal to Persistent Storage...
May 24 18:29:14 koron kernel: audit: type=1130 audit(1653409754.810:7): pid=1 uid=0 auid=4294967295 ses=4294967295 msg='unit=systemd-journald comm="systemd" exe="/usr/lib/systemd/systemd" hostname=? addr=? terminal=? res=success'
May 24 18:29:14 koron systemd-journald[356]: Time spent on flushing to /var/log/journal/b5df1363fc91419db1c8b716a2876a8e is 62.915ms for 932 entries.
May 24 18:29:14 koron systemd-journald[356]: System Journal (/var/log/journal/b5df1363fc91419db1c8b716a2876a8e) is 710.3M, max 4.0G, 3.3G free.
May 24 18:29:14 koron systemd-journald[356]: Received client request to flush runtime journal.
May 24 18:29:14 koron kernel: audit: type=1130 audit(1653409754.830:8): pid=1 uid=0 auid=4294967295 ses=4294967295 msg='unit=systemd-udev-trigger comm="systemd" exe="/usr/lib/systemd/systemd" hostname=? addr=? terminal=? res=success'
May 24 18:29:14 koron kernel: audit: type=1130 audit(1653409754.863:9): pid=1 uid=0 auid=4294967295 ses=4294967295 msg='unit=systemd-udevd comm="systemd" exe="/usr/lib/systemd/systemd" hostname=? addr=? terminal=? res=success'
May 24 18:29:14 koron kernel: acpi_cpufreq: overriding BIOS provided _PSD data
May 24 18:29:14 koron kernel: audit: type=1130 audit(1653409754.903:10): pid=1 uid=0 auid=4294967295 ses=4294967295 msg='unit=lvm2-monitor comm="systemd" exe="/usr/lib/systemd/systemd" hostname=? addr=? terminal=? res=success'
May 24 18:29:14 koron kernel: usb 1-3: New USB device found, idVendor=093a, idProduct=2521, bcdDevice= 1.00
May 24 18:29:14 koron kernel: usb 1-3: New USB device strings: Mfr=0, Product=2, SerialNumber=0
May 24 18:29:14 koron kernel: usb 1-3: Product: USB OPTICAL MOUSE
May 24 18:29:14 koron kernel: parport_pc 00:03: reported by Plug and Play ACPI
May 24 18:29:14 koron kernel: parport0: PC-style at 0x378, irq 5 [PCSPP]
May 24 18:29:14 koron kernel: piix4_smbus 0000:00:14.0: SMBus Host Controller at 0xb00, revision 0
May 24 18:29:14 koron kernel: piix4_smbus 0000:00:14.0: Using register 0x02 for SMBus port selection
May 24 18:29:14 koron kernel: piix4_smbus 0000:00:14.0: Auxiliary SMBus Host Controller at 0xb20
May 24 18:29:14 koron audit[1]: SERVICE_START pid=1 uid=0 auid=4294967295 ses=4294967295 msg='unit=systemd-udev-trigger comm="systemd" exe="/usr/lib/systemd/systemd" hostname=? addr=? terminal=? res=success'
May 24 18:29:14 koron audit[1]: SERVICE_START pid=1 uid=0 auid=4294967295 ses=4294967295 msg='unit=systemd-udevd comm="systemd" exe="/usr/lib/systemd/systemd" hostname=? addr=? terminal=? res=success'
May 24 18:29:14 koron audit[1]: SERVICE_START pid=1 uid=0 auid=4294967295 ses=4294967295 msg='unit=lvm2-monitor comm="systemd" exe="/usr/lib/systemd/systemd" hostname=? addr=? terminal=? res=success'
May 24 18:29:14 koron systemd[1]: Finished Coldplug All udev Devices.
May 24 18:29:14 koron systemd-udevd[366]: Configuration file /usr/lib/udev/rules.d/77-mm-fibocom-port-types.rules is marked executable. Please remove executable permission bits. Proceeding anyway.
May 24 18:29:14 koron systemd[1]: Started Rule-based Manager for Device Events and Files.
May 24 18:29:14 koron systemd[1]: Finished Monitoring of LVM2 mirrors, snapshots etc. using dmeventd or progress polling.
May 24 18:29:14 koron audit[1]: SERVICE_START pid=1 uid=0 auid=4294967295 ses=4294967295 msg='unit=systemd-journal-flush comm="systemd" exe="/usr/lib/systemd/systemd" hostname=? addr=? terminal=? res=success'
May 24 18:29:14 koron systemd[1]: Reached target Preparation for Local File Systems.
May 24 18:29:14 koron systemd[1]: Virtual Machine and Container Storage (Compatibility) was skipped because of a failed condition check (ConditionPathExists=/var/lib/machines.raw).
May 24 18:29:14 koron systemd[1]: Finished Flush Journal to Persistent Storage.
May 24 18:29:15 koron kernel: input: PC Speaker as /devices/platform/pcspkr/input/input2
May 24 18:29:15 koron kernel: RAPL PMU: API unit is 2^-32 Joules, 1 fixed counters, 163840 ms ovfl timer
May 24 18:29:15 koron kernel: RAPL PMU: hw unit of domain package 2^-16 Joules
May 24 18:29:15 koron kernel: sp5100_tco: SP5100/SB800 TCO WatchDog Timer Driver
May 24 18:29:15 koron kernel: sp5100-tco sp5100-tco: Using 0xfeb00000 for watchdog MMIO address
May 24 18:29:15 koron kernel: sp5100-tco sp5100-tco: initialized. heartbeat=60 sec (nowayout=0)
May 24 18:29:15 koron kernel: cryptd: max_cpu_qlen set to 1000
May 24 18:29:15 koron kernel: AVX2 version of gcm_enc/dec engaged.
May 24 18:29:15 koron kernel: AES CTR mode by8 optimization enabled
May 24 18:29:15 koron kernel: ccp 0000:20:00.2: ccp enabled
May 24 18:29:15 koron systemd[1]: Found device CT500MX500SSD1 3.
May 24 18:29:15 koron systemd[1]: Activating swap /dev/sdb3...
May 24 18:29:15 koron kernel: Adding 3906556k swap on /dev/sdb3.  Priority:-2 extents:1 across:3906556k SSFS
May 24 18:29:15 koron kernel: usb 1-9: new full-speed USB device number 3 using xhci_hcd
May 24 18:29:15 koron kernel: r8169 0000:19:00.0 eth0: RTL8168h/8111h, 4c:cc:6a:fc:0f:0f, XID 541, IRQ 49
May 24 18:29:15 koron kernel: r8169 0000:19:00.0 eth0: jumbo features [frames: 9194 bytes, tx checksumming: ko]
May 24 18:29:15 koron systemd[1]: Activated swap /dev/sdb3.
May 24 18:29:15 koron systemd[1]: Reached target Swaps.
May 24 18:29:15 koron systemd[1]: Mounting Temporary Directory /tmp...
May 24 18:29:15 koron systemd[1]: Mounted Temporary Directory /tmp.
May 24 18:29:15 koron systemd[1]: Reached target Local File Systems.
May 24 18:29:15 koron systemd[1]: Rebuild Dynamic Linker Cache was skipped because all trigger condition checks failed.
May 24 18:29:15 koron systemd[1]: Set Up Additional Binary Formats was skipped because all trigger condition checks failed.
May 24 18:29:15 koron systemd[1]: Store a System Token in an EFI Variable was skipped because of a failed condition check (ConditionPathExists=/sys/firmware/efi/efivars/LoaderFeatures-4a67b082-0a4c-41cf-b6c7-440b29bb8c4f).
May 24 18:29:15 koron systemd[1]: Commit a transient machine-id on disk was skipped because of a failed condition check (ConditionPathIsMountPoint=/etc/machine-id).
May 24 18:29:15 koron systemd[1]: Starting Create Volatile Files and Directories...
May 24 18:29:15 koron systemd-udevd[404]: Using default interface naming scheme 'v250'.
May 24 18:29:15 koron kernel: ppdev: user-space parallel port driver
May 24 18:29:15 koron kernel: r8169 0000:19:00.0 enp25s0: renamed from eth0
May 24 18:29:15 koron systemd[1]: Finished Create Volatile Files and Directories.
May 24 18:29:15 koron audit[1]: SERVICE_START pid=1 uid=0 auid=4294967295 ses=4294967295 msg='unit=systemd-tmpfiles-setup comm="systemd" exe="/usr/lib/systemd/systemd" hostname=? addr=? terminal=? res=success'
May 24 18:29:15 koron systemd[1]: Rebuild Journal Catalog was skipped because of a failed condition check (ConditionNeedsUpdate=/var).
May 24 18:29:15 koron systemd[1]: Update is Completed was skipped because all trigger condition checks failed.
May 24 18:29:15 koron systemd[1]: Starting Record System Boot/Shutdown in UTMP...
May 24 18:29:15 koron audit[463]: SYSTEM_BOOT pid=463 uid=0 auid=4294967295 ses=4294967295 msg=' comm="systemd-update-utmp" exe="/usr/lib/systemd/systemd-update-utmp" hostname=? addr=? terminal=? res=success'
May 24 18:29:15 koron systemd[1]: Finished Record System Boot/Shutdown in UTMP.
May 24 18:29:15 koron audit[1]: SERVICE_START pid=1 uid=0 auid=4294967295 ses=4294967295 msg='unit=systemd-update-utmp comm="systemd" exe="/usr/lib/systemd/systemd" hostname=? addr=? terminal=? res=success'
May 24 18:29:15 koron kernel: snd_hda_intel 0000:1f:00.1: Disabling MSI
May 24 18:29:15 koron kernel: snd_hda_intel 0000:1f:00.1: Handle vga_switcheroo audio client
May 24 18:29:15 koron systemd-udevd[395]: Using default interface naming scheme 'v250'.
May 24 18:29:15 koron kernel: kvm: support for 'kvm_amd' disabled by bios
May 24 18:29:15 koron kernel: input: HDA NVidia HDMI/DP,pcm=3 as /devices/pci0000:00/0000:00:03.1/0000:1f:00.1/sound/card0/input3
May 24 18:29:15 koron kernel: input: HDA NVidia HDMI/DP,pcm=7 as /devices/pci0000:00/0000:00:03.1/0000:1f:00.1/sound/card0/input4
May 24 18:29:15 koron kernel: input: HDA NVidia HDMI/DP,pcm=8 as /devices/pci0000:00/0000:00:03.1/0000:1f:00.1/sound/card0/input5
May 24 18:29:15 koron kernel: input: HDA NVidia HDMI/DP,pcm=9 as /devices/pci0000:00/0000:00:03.1/0000:1f:00.1/sound/card0/input6
May 24 18:29:15 koron kernel: input: HDA NVidia HDMI/DP,pcm=10 as /devices/pci0000:00/0000:00:03.1/0000:1f:00.1/sound/card0/input7
May 24 18:29:15 koron kernel: input: HDA NVidia HDMI/DP,pcm=11 as /devices/pci0000:00/0000:00:03.1/0000:1f:00.1/sound/card0/input8
May 24 18:29:15 koron kernel: input: HDA NVidia HDMI/DP,pcm=12 as /devices/pci0000:00/0000:00:03.1/0000:1f:00.1/sound/card0/input9
May 24 18:29:15 koron kernel: snd_hda_codec_realtek hdaudioC1D0: autoconfig for ALC892: line_outs=4 (0x14/0x15/0x16/0x17/0x0) type:line
May 24 18:29:15 koron kernel: snd_hda_codec_realtek hdaudioC1D0:    speaker_outs=0 (0x0/0x0/0x0/0x0/0x0)
May 24 18:29:15 koron kernel: snd_hda_codec_realtek hdaudioC1D0:    hp_outs=1 (0x1b/0x0/0x0/0x0/0x0)
May 24 18:29:15 koron kernel: snd_hda_codec_realtek hdaudioC1D0:    mono: mono_out=0x0
May 24 18:29:15 koron kernel: snd_hda_codec_realtek hdaudioC1D0:    inputs:
May 24 18:29:15 koron kernel: snd_hda_codec_realtek hdaudioC1D0:      Front Mic=0x19
May 24 18:29:15 koron kernel: snd_hda_codec_realtek hdaudioC1D0:      Rear Mic=0x18
May 24 18:29:15 koron kernel: snd_hda_codec_realtek hdaudioC1D0:      Line=0x1a
May 24 18:29:15 koron systemd[1]: Reached target Sound Card.
May 24 18:29:15 koron kernel: input: HD-Audio Generic Front Mic as /devices/pci0000:00/0000:00:08.1/0000:21:00.3/sound/card1/input10
May 24 18:29:15 koron kernel: input: HD-Audio Generic Rear Mic as /devices/pci0000:00/0000:00:08.1/0000:21:00.3/sound/card1/input11
May 24 18:29:15 koron kernel: input: HD-Audio Generic Line as /devices/pci0000:00/0000:00:08.1/0000:21:00.3/sound/card1/input12
May 24 18:29:15 koron kernel: input: HD-Audio Generic Line Out Front as /devices/pci0000:00/0000:00:08.1/0000:21:00.3/sound/card1/input13
May 24 18:29:15 koron kernel: input: HD-Audio Generic Line Out Surround as /devices/pci0000:00/0000:00:08.1/0000:21:00.3/sound/card1/input14
May 24 18:29:15 koron kernel: input: HD-Audio Generic Line Out CLFE as /devices/pci0000:00/0000:00:08.1/0000:21:00.3/sound/card1/input15
May 24 18:29:15 koron kernel: input: HD-Audio Generic Line Out Side as /devices/pci0000:00/0000:00:08.1/0000:21:00.3/sound/card1/input16
May 24 18:29:15 koron kernel: input: HD-Audio Generic Front Headphone as /devices/pci0000:00/0000:00:08.1/0000:21:00.3/sound/card1/input17
May 24 18:29:15 koron kernel: MCE: In-kernel MCE decoding enabled.
May 24 18:29:15 koron kernel: kvm: support for 'kvm_amd' disabled by bios
May 24 18:29:15 koron kernel: usb 1-9: New USB device found, idVendor=046d, idProduct=c545, bcdDevice= 2.01
May 24 18:29:15 koron kernel: usb 1-9: New USB device strings: Mfr=1, Product=2, SerialNumber=0
May 24 18:29:15 koron kernel: usb 1-9: Product: USB Receiver
May 24 18:29:15 koron kernel: usb 1-9: Manufacturer: Logitech
May 24 18:29:15 koron mtp-probe[485]: checking bus 1, device 2: "/sys/devices/pci0000:00/0000:00:01.3/0000:03:00.0/usb1/1-3"
May 24 18:29:15 koron mtp-probe[486]: checking bus 1, device 3: "/sys/devices/pci0000:00/0000:00:01.3/0000:03:00.0/usb1/1-9"
May 24 18:29:15 koron mtp-probe[485]: bus: 1, device: 2 was not an MTP device
May 24 18:29:15 koron mtp-probe[486]: bus: 1, device: 3 was not an MTP device
May 24 18:29:15 koron kernel: kvm: support for 'kvm_amd' disabled by bios
May 24 18:29:15 koron kernel: intel_rapl_common: Found RAPL domain package
May 24 18:29:15 koron kernel: intel_rapl_common: Found RAPL domain core
May 24 18:29:15 koron kernel: input: USB OPTICAL MOUSE as /devices/pci0000:00/0000:00:01.3/0000:03:00.0/usb1/1-3/1-3:1.0/0003:093A:2521.0001/input/input18
May 24 18:29:15 koron kernel: hid-generic 0003:093A:2521.0001: input,hidraw0: USB HID v1.11 Mouse [USB OPTICAL MOUSE] on usb-0000:03:00.0-3/input0
May 24 18:29:15 koron kernel: input: Logitech USB Receiver as /devices/pci0000:00/0000:00:01.3/0000:03:00.0/usb1/1-9/1-9:1.0/0003:046D:C545.0002/input/input19
May 24 18:29:15 koron kernel: hid-generic 0003:046D:C545.0002: input,hidraw1: USB HID v1.11 Mouse [Logitech USB Receiver] on usb-0000:03:00.0-9/input0
May 24 18:29:15 koron kernel: input: Logitech USB Receiver Keyboard as /devices/pci0000:00/0000:00:01.3/0000:03:00.0/usb1/1-9/1-9:1.1/0003:046D:C545.0003/input/input20
May 24 18:29:15 koron kernel: hid-generic 0003:046D:C545.0003: input,hidraw2: USB HID v1.11 Keyboard [Logitech USB Receiver] on usb-0000:03:00.0-9/input1
May 24 18:29:15 koron kernel: hid-generic 0003:046D:C545.0004: hiddev96,hidraw3: USB HID v1.11 Device [Logitech USB Receiver] on usb-0000:03:00.0-9/input2
May 24 18:29:15 koron kernel: usbcore: registered new interface driver usbhid
May 24 18:29:15 koron kernel: usbhid: USB HID core driver
May 24 18:29:15 koron mtp-probe[487]: checking bus 1, device 2: "/sys/devices/pci0000:00/0000:00:01.3/0000:03:00.0/usb1/1-3"
May 24 18:29:15 koron mtp-probe[488]: checking bus 1, device 3: "/sys/devices/pci0000:00/0000:00:01.3/0000:03:00.0/usb1/1-9"
May 24 18:29:15 koron mtp-probe[487]: bus: 1, device: 2 was not an MTP device
May 24 18:29:15 koron mtp-probe[488]: bus: 1, device: 3 was not an MTP device
May 24 18:29:15 koron kernel: nvidia: loading out-of-tree module taints kernel.
May 24 18:29:15 koron kernel: nvidia: module license 'NVIDIA' taints kernel.
May 24 18:29:15 koron kernel: Disabling lock debugging due to kernel taint
May 24 18:29:15 koron kernel: nvidia: module verification failed: signature and/or required key missing - tainting kernel
May 24 18:29:15 koron kernel: mousedev: PS/2 mouse device common for all mice
May 24 18:29:15 koron kernel: kvm: support for 'kvm_amd' disabled by bios
May 24 18:29:15 koron kernel: nvidia-nvlink: Nvlink Core is being initialized, major device number 237
May 24 18:29:15 koron kernel: 
May 24 18:29:15 koron kernel: nvidia 0000:1f:00.0: vgaarb: changed VGA decodes: olddecodes=io+mem,decodes=none:owns=io+mem
May 24 18:29:15 koron kernel: NVRM: loading NVIDIA UNIX x86_64 Kernel Module  515.43.04  Tue Apr 26 15:52:32 UTC 2022
May 24 18:29:15 koron systemd-udevd[395]: nvidia: Process '/usr/bin/bash -c '/usr/bin/mknod -Z -m 666 /dev/nvidiactl c $(grep nvidia-frontend /proc/devices | cut -d \  -f 1) 255'' failed with exit code 1.
May 24 18:29:15 koron kernel: kvm: support for 'kvm_amd' disabled by bios
May 24 18:29:16 koron systemd-udevd[404]: nvidia: Process '/usr/bin/bash -c 'for i in $(cat /proc/driver/nvidia/gpus/*/information | grep Minor | cut -d \  -f 4); do /usr/bin/mknod -Z -m 666 /dev/nvidia${i} c $(grep nvidia-frontend /proc/devices | cut -d \  -f 1) ${i}; done'' failed with exit code 1.
May 24 18:29:16 koron kernel: nvidia_uvm: module uses symbols from proprietary module nvidia, inheriting taint.
May 24 18:29:16 koron kernel: nvidia-modeset: Loading NVIDIA Kernel Mode Setting Driver for UNIX platforms  515.43.04  Tue Apr 26 15:44:44 UTC 2022
May 24 18:29:16 koron kernel: kvm: support for 'kvm_amd' disabled by bios
May 24 18:29:16 koron systemd-modules-load[357]: Inserted module 'nvidia_uvm'
May 24 18:29:16 koron kernel: [drm] [nvidia-drm] [GPU ID 0x00001f00] Loading driver
May 24 18:29:16 koron kernel: [drm] Initialized nvidia-drm 0.0.0 20160202 for 0000:1f:00.0 on minor 0
May 24 18:29:16 koron kernel: nvidia-uvm: Loaded the UVM driver, major device number 235.
May 24 18:29:16 koron systemd[1]: Finished Load Kernel Modules.
May 24 18:29:16 koron audit[1]: SERVICE_START pid=1 uid=0 auid=4294967295 ses=4294967295 msg='unit=systemd-modules-load comm="systemd" exe="/usr/lib/systemd/systemd" hostname=? addr=? terminal=? res=success'
May 24 18:29:16 koron systemd[1]: Starting Apply Kernel Variables...
May 24 18:29:16 koron systemd[1]: Finished Apply Kernel Variables.
May 24 18:29:16 koron audit[1]: SERVICE_START pid=1 uid=0 auid=4294967295 ses=4294967295 msg='unit=systemd-sysctl comm="systemd" exe="/usr/lib/systemd/systemd" hostname=? addr=? terminal=? res=success'
May 24 18:29:16 koron systemd[1]: Reached target System Initialization.
May 24 18:29:16 koron systemd[1]: Started Daily man-db regeneration.
May 24 18:29:16 koron systemd[1]: Started Daily verification of password and group files.
May 24 18:29:16 koron systemd[1]: Started Daily Cleanup of Temporary Directories.
May 24 18:29:16 koron systemd[1]: Reached target Timer Units.
May 24 18:29:16 koron systemd[1]: Listening on D-Bus System Message Bus Socket.
May 24 18:29:16 koron systemd[1]: Reached target Socket Units.
May 24 18:29:16 koron systemd[1]: Reached target Basic System.
May 24 18:29:16 koron systemd[1]: Starting D-Bus System Message Bus...
May 24 18:29:16 koron audit: BPF prog-id=16 op=LOAD
May 24 18:29:16 koron audit: BPF prog-id=17 op=LOAD
May 24 18:29:16 koron audit: BPF prog-id=18 op=LOAD
May 24 18:29:16 koron systemd[1]: Starting User Login Management...
May 24 18:29:16 koron systemd[1]: Started Verify integrity of password and group files.
May 24 18:29:16 koron audit[1]: SERVICE_START pid=1 uid=0 auid=4294967295 ses=4294967295 msg='unit=shadow comm="systemd" exe="/usr/lib/systemd/systemd" hostname=? addr=? terminal=? res=success'
May 24 18:29:16 koron systemd[1]: shadow.service: Deactivated successfully.
May 24 18:29:16 koron audit[1]: SERVICE_STOP pid=1 uid=0 auid=4294967295 ses=4294967295 msg='unit=shadow comm="systemd" exe="/usr/lib/systemd/systemd" hostname=? addr=? terminal=? res=success'
May 24 18:29:16 koron systemd[1]: Started D-Bus System Message Bus.
May 24 18:29:16 koron audit[1]: SERVICE_START pid=1 uid=0 auid=4294967295 ses=4294967295 msg='unit=dbus comm="systemd" exe="/usr/lib/systemd/systemd" hostname=? addr=? terminal=? res=success'
May 24 18:29:16 koron systemd[1]: Starting Network Manager...
May 24 18:29:16 koron systemd-logind[543]: New seat seat0.
May 24 18:29:16 koron systemd-logind[543]: Watching system buttons on /dev/input/event1 (Power Button)
May 24 18:29:16 koron systemd-logind[543]: Watching system buttons on /dev/input/event0 (Power Button)
May 24 18:29:16 koron systemd-logind[543]: Watching system buttons on /dev/input/event20 (Logitech USB Receiver Keyboard)
May 24 18:29:16 koron systemd[1]: Started User Login Management.
May 24 18:29:16 koron audit[1]: SERVICE_START pid=1 uid=0 auid=4294967295 ses=4294967295 msg='unit=systemd-logind comm="systemd" exe="/usr/lib/systemd/systemd" hostname=? addr=? terminal=? res=success'
May 24 18:29:16 koron NetworkManager[547]: <info>  [1653409756.2927] NetworkManager (version 1.38.0-1) is starting... (for the first time)
May 24 18:29:16 koron NetworkManager[547]: <info>  [1653409756.2928] Read config: /etc/NetworkManager/NetworkManager.conf (lib: 20-connectivity.conf)
May 24 18:29:16 koron systemd[1]: Started Network Manager.
May 24 18:29:16 koron NetworkManager[547]: <info>  [1653409756.2960] bus-manager: acquired D-Bus service "org.freedesktop.NetworkManager"
May 24 18:29:16 koron audit[1]: SERVICE_START pid=1 uid=0 auid=4294967295 ses=4294967295 msg='unit=NetworkManager comm="systemd" exe="/usr/lib/systemd/systemd" hostname=? addr=? terminal=? res=success'
May 24 18:29:16 koron systemd[1]: Reached target Network.
May 24 18:29:16 koron systemd[1]: Starting Permit User Sessions...
May 24 18:29:16 koron systemd[1]: Finished Permit User Sessions.
May 24 18:29:16 koron audit[1]: SERVICE_START pid=1 uid=0 auid=4294967295 ses=4294967295 msg='unit=systemd-user-sessions comm="systemd" exe="/usr/lib/systemd/systemd" hostname=? addr=? terminal=? res=success'
May 24 18:29:16 koron systemd[1]: Reached target Multi-User System.
May 24 18:29:16 koron systemd[1]: Started Simple Desktop Display Manager.
May 24 18:29:16 koron audit[1]: SERVICE_START pid=1 uid=0 auid=4294967295 ses=4294967295 msg='unit=sddm comm="systemd" exe="/usr/lib/systemd/systemd" hostname=? addr=? terminal=? res=success'
May 24 18:29:16 koron systemd[1]: Reached target Graphical Interface.
May 24 18:29:16 koron systemd[1]: Startup finished in 2.363s (kernel) + 1.745s (userspace) = 4.108s.
May 24 18:29:16 koron NetworkManager[547]: <info>  [1653409756.3041] manager[0x5622f5492000]: monitoring kernel firmware directory '/lib/firmware'.
May 24 18:29:16 koron dbus-daemon[540]: [system] Activating via systemd: service name='org.freedesktop.hostname1' unit='dbus-org.freedesktop.hostname1.service' requested by ':1.2' (uid=0 pid=547 comm="/usr/bin/NetworkManager --no-daemon")
May 24 18:29:16 koron audit: BPF prog-id=19 op=LOAD
May 24 18:29:16 koron audit: BPF prog-id=20 op=LOAD
May 24 18:29:16 koron audit: BPF prog-id=21 op=LOAD
May 24 18:29:16 koron systemd[1]: Starting Hostname Service...
May 24 18:29:16 koron kernel: kvm: support for 'kvm_amd' disabled by bios
May 24 18:29:16 koron dbus-daemon[540]: [system] Successfully activated service 'org.freedesktop.hostname1'
May 24 18:29:16 koron systemd[1]: Started Hostname Service.
May 24 18:29:16 koron audit[1]: SERVICE_START pid=1 uid=0 auid=4294967295 ses=4294967295 msg='unit=systemd-hostnamed comm="systemd" exe="/usr/lib/systemd/systemd" hostname=? addr=? terminal=? res=success'
May 24 18:29:16 koron NetworkManager[547]: <info>  [1653409756.3613] hostname: hostname: using hostnamed
May 24 18:29:16 koron NetworkManager[547]: <info>  [1653409756.3613] hostname: static hostname changed from (none) to "koron"
May 24 18:29:16 koron NetworkManager[547]: <info>  [1653409756.3626] dns-mgr[0x5622f5463250]: init: dns=default,systemd-resolved rc-manager=symlink
May 24 18:29:16 koron sddm[567]: Initializing...
May 24 18:29:16 koron sddm[567]: Starting...
May 24 18:29:16 koron sddm[567]: Logind interface found
